Archive member included to satisfy reference by file (symbol)

c:/st/stm32cubeide_1.0.0/stm32cubeide/plugins/com.st.stm32cube.ide.mcu.externaltools.gnu-tools-for-stm32.7-2018-q2-update.win32_1.0.0.201904181610/tools/bin/../lib/gcc/arm-none-eabi/7.3.1/../../../../arm-none-eabi/lib/thumb/v7e-m/fpv4-sp/hard\libc_nano.a(lib_a-errno.o)
                              Src/syscalls.o (__errno)
c:/st/stm32cubeide_1.0.0/stm32cubeide/plugins/com.st.stm32cube.ide.mcu.externaltools.gnu-tools-for-stm32.7-2018-q2-update.win32_1.0.0.201904181610/tools/bin/../lib/gcc/arm-none-eabi/7.3.1/../../../../arm-none-eabi/lib/thumb/v7e-m/fpv4-sp/hard\libc_nano.a(lib_a-exit.o)
                              c:/st/stm32cubeide_1.0.0/stm32cubeide/plugins/com.st.stm32cube.ide.mcu.externaltools.gnu-tools-for-stm32.7-2018-q2-update.win32_1.0.0.201904181610/tools/bin/../lib/gcc/arm-none-eabi/7.3.1/../../../../arm-none-eabi/lib/thumb/v7e-m/fpv4-sp/hard/crt0.o (exit)
c:/st/stm32cubeide_1.0.0/stm32cubeide/plugins/com.st.stm32cube.ide.mcu.externaltools.gnu-tools-for-stm32.7-2018-q2-update.win32_1.0.0.201904181610/tools/bin/../lib/gcc/arm-none-eabi/7.3.1/../../../../arm-none-eabi/lib/thumb/v7e-m/fpv4-sp/hard\libc_nano.a(lib_a-impure.o)
                              c:/st/stm32cubeide_1.0.0/stm32cubeide/plugins/com.st.stm32cube.ide.mcu.externaltools.gnu-tools-for-stm32.7-2018-q2-update.win32_1.0.0.201904181610/tools/bin/../lib/gcc/arm-none-eabi/7.3.1/../../../../arm-none-eabi/lib/thumb/v7e-m/fpv4-sp/hard\libc_nano.a(lib_a-exit.o) (_global_impure_ptr)
c:/st/stm32cubeide_1.0.0/stm32cubeide/plugins/com.st.stm32cube.ide.mcu.externaltools.gnu-tools-for-stm32.7-2018-q2-update.win32_1.0.0.201904181610/tools/bin/../lib/gcc/arm-none-eabi/7.3.1/../../../../arm-none-eabi/lib/thumb/v7e-m/fpv4-sp/hard\libc_nano.a(lib_a-init.o)
                              c:/st/stm32cubeide_1.0.0/stm32cubeide/plugins/com.st.stm32cube.ide.mcu.externaltools.gnu-tools-for-stm32.7-2018-q2-update.win32_1.0.0.201904181610/tools/bin/../lib/gcc/arm-none-eabi/7.3.1/../../../../arm-none-eabi/lib/thumb/v7e-m/fpv4-sp/hard/crt0.o (__libc_init_array)
c:/st/stm32cubeide_1.0.0/stm32cubeide/plugins/com.st.stm32cube.ide.mcu.externaltools.gnu-tools-for-stm32.7-2018-q2-update.win32_1.0.0.201904181610/tools/bin/../lib/gcc/arm-none-eabi/7.3.1/../../../../arm-none-eabi/lib/thumb/v7e-m/fpv4-sp/hard\libc_nano.a(lib_a-memset.o)
                              c:/st/stm32cubeide_1.0.0/stm32cubeide/plugins/com.st.stm32cube.ide.mcu.externaltools.gnu-tools-for-stm32.7-2018-q2-update.win32_1.0.0.201904181610/tools/bin/../lib/gcc/arm-none-eabi/7.3.1/../../../../arm-none-eabi/lib/thumb/v7e-m/fpv4-sp/hard/crt0.o (memset)
c:/st/stm32cubeide_1.0.0/stm32cubeide/plugins/com.st.stm32cube.ide.mcu.externaltools.gnu-tools-for-stm32.7-2018-q2-update.win32_1.0.0.201904181610/tools/bin/../lib/gcc/arm-none-eabi/7.3.1/../../../../arm-none-eabi/lib/thumb/v7e-m/fpv4-sp/hard\libc_nano.a(lib_a-nano-vfprintf_float.o)
                              (_printf_float)
c:/st/stm32cubeide_1.0.0/stm32cubeide/plugins/com.st.stm32cube.ide.mcu.externaltools.gnu-tools-for-stm32.7-2018-q2-update.win32_1.0.0.201904181610/tools/bin/../lib/gcc/arm-none-eabi/7.3.1/../../../../arm-none-eabi/lib/thumb/v7e-m/fpv4-sp/hard\libc_nano.a(lib_a-nano-vfprintf_i.o)
                              c:/st/stm32cubeide_1.0.0/stm32cubeide/plugins/com.st.stm32cube.ide.mcu.externaltools.gnu-tools-for-stm32.7-2018-q2-update.win32_1.0.0.201904181610/tools/bin/../lib/gcc/arm-none-eabi/7.3.1/../../../../arm-none-eabi/lib/thumb/v7e-m/fpv4-sp/hard\libc_nano.a(lib_a-nano-vfprintf_float.o) (_printf_common)
c:/st/stm32cubeide_1.0.0/stm32cubeide/plugins/com.st.stm32cube.ide.mcu.externaltools.gnu-tools-for-stm32.7-2018-q2-update.win32_1.0.0.201904181610/tools/bin/../lib/gcc/arm-none-eabi/7.3.1/../../../../arm-none-eabi/lib/thumb/v7e-m/fpv4-sp/hard\libc_nano.a(lib_a-printf.o)
                              Src/Mouse/auxiliary.o (printf)
c:/st/stm32cubeide_1.0.0/stm32cubeide/plugins/com.st.stm32cube.ide.mcu.externaltools.gnu-tools-for-stm32.7-2018-q2-update.win32_1.0.0.201904181610/tools/bin/../lib/gcc/arm-none-eabi/7.3.1/../../../../arm-none-eabi/lib/thumb/v7e-m/fpv4-sp/hard\libc_nano.a(lib_a-putchar.o)
                              Src/Mouse/map.o (putchar)
c:/st/stm32cubeide_1.0.0/stm32cubeide/plugins/com.st.stm32cube.ide.mcu.externaltools.gnu-tools-for-stm32.7-2018-q2-update.win32_1.0.0.201904181610/tools/bin/../lib/gcc/arm-none-eabi/7.3.1/../../../../arm-none-eabi/lib/thumb/v7e-m/fpv4-sp/hard\libc_nano.a(lib_a-puts.o)
                              Src/Mouse/auxiliary.o (puts)
c:/st/stm32cubeide_1.0.0/stm32cubeide/plugins/com.st.stm32cube.ide.mcu.externaltools.gnu-tools-for-stm32.7-2018-q2-update.win32_1.0.0.201904181610/tools/bin/../lib/gcc/arm-none-eabi/7.3.1/../../../../arm-none-eabi/lib/thumb/v7e-m/fpv4-sp/hard\libc_nano.a(lib_a-setbuf.o)
                              Src/main.o (setbuf)
[...]
Memory Configuration

Name             Origin             Length             Attributes
CCMRAM           0x0000000010000000 0x0000000000010000 xrw
RAM              0x0000000020000000 0x0000000000020000 xrw
FLASH            0x0000000008000000 0x00000000000e0000 xr
DATA             0x00000000080e0000 0x0000000000020000 xr
*default*        0x0000000000000000 0xffffffffffffffff

Linker script and memory map

LOAD c:/st/stm32cubeide_1.0.0/stm32cubeide/plugins/com.st.stm32cube.ide.mcu.externaltools.gnu-tools-for-stm32.7-2018-q2-update.win32_1.0.0.201904181610/tools/bin/../lib/gcc/arm-none-eabi/7.3.1/thumb/v7e-m/fpv4-sp/hard/crti.o
LOAD c:/st/stm32cubeide_1.0.0/stm32cubeide/plugins/com.st.stm32cube.ide.mcu.externaltools.gnu-tools-for-stm32.7-2018-q2-update.win32_1.0.0.201904181610/tools/bin/../lib/gcc/arm-none-eabi/7.3.1/thumb/v7e-m/fpv4-sp/hard/crtbegin.o
LOAD c:/st/stm32cubeide_1.0.0/stm32cubeide/plugins/com.st.stm32cube.ide.mcu.externaltools.gnu-tools-for-stm32.7-2018-q2-update.win32_1.0.0.201904181610/tools/bin/../lib/gcc/arm-none-eabi/7.3.1/../../../../arm-none-eabi/lib/thumb/v7e-m/fpv4-sp/hard/crt0.o
LOAD Drivers/STM32F4xx_HAL_Driver/Src/stm32f4xx_hal.o
LOAD Drivers/STM32F4xx_HAL_Driver/Src/stm32f4xx_hal_adc.o
LOAD Drivers/STM32F4xx_HAL_Driver/Src/stm32f4xx_hal_adc_ex.o
LOAD Drivers/STM32F4xx_HAL_Driver/Src/stm32f4xx_hal_cortex.o
LOAD Drivers/STM32F4xx_HAL_Driver/Src/stm32f4xx_hal_dma.o
LOAD Drivers/STM32F4xx_HAL_Driver/Src/stm32f4xx_hal_dma_ex.o
LOAD Drivers/STM32F4xx_HAL_Driver/Src/stm32f4xx_hal_exti.o
LOAD Drivers/STM32F4xx_HAL_Driver/Src/stm32f4xx_hal_flash.o
LOAD Drivers/STM32F4xx_HAL_Driver/Src/stm32f4xx_hal_flash_ex.o
LOAD Drivers/STM32F4xx_HAL_Driver/Src/stm32f4xx_hal_flash_ramfunc.o
LOAD Drivers/STM32F4xx_HAL_Driver/Src/stm32f4xx_hal_gpio.o
LOAD Drivers/STM32F4xx_HAL_Driver/Src/stm32f4xx_hal_pwr.o
LOAD Drivers/STM32F4xx_HAL_Driver/Src/stm32f4xx_hal_pwr_ex.o
LOAD Drivers/STM32F4xx_HAL_Driver/Src/stm32f4xx_hal_rcc.o
LOAD Drivers/STM32F4xx_HAL_Driver/Src/stm32f4xx_hal_rcc_ex.o
LOAD Drivers/STM32F4xx_HAL_Driver/Src/stm32f4xx_hal_spi.o
LOAD Drivers/STM32F4xx_HAL_Driver/Src/stm32f4xx_hal_tim.o
LOAD Drivers/STM32F4xx_HAL_Driver/Src/stm32f4xx_hal_tim_ex.o
LOAD Drivers/STM32F4xx_HAL_Driver/Src/stm32f4xx_hal_uart.o
LOAD Src/Mouse/auxiliary.o
LOAD Src/Mouse/connect.o
LOAD Src/Mouse/drive.o
LOAD Src/Mouse/eeprom.o
LOAD Src/Mouse/init.o
LOAD Src/Mouse/interrupt.o
LOAD Src/Mouse/map.o
LOAD Src/Mouse/music.o
LOAD Src/Mouse/search.o
LOAD Src/Mouse/sensor.o
LOAD Src/Mouse/utsutsu.o
LOAD Src/adc.o
LOAD Src/gpio.o
LOAD Src/main.o
LOAD Src/spi.o
LOAD Src/stm32f4xx_hal_msp.o
LOAD Src/stm32f4xx_it.o
LOAD Src/syscalls.o
LOAD Src/sysmem.o
LOAD Src/system_stm32f4xx.o
LOAD Src/tim.o
LOAD Src/usart.o
LOAD Startup/startup_stm32f405rgtx.o
START GROUP
LOAD c:/st/stm32cubeide_1.0.0/stm32cubeide/plugins/com.st.stm32cube.ide.mcu.externaltools.gnu-tools-for-stm32.7-2018-q2-update.win32_1.0.0.201904181610/tools/bin/../lib/gcc/arm-none-eabi/7.3.1/../../../../arm-none-eabi/lib/thumb/v7e-m/fpv4-sp/hard\libc_nano.a
LOAD c:/st/stm32cubeide_1.0.0/stm32cubeide/plugins/com.st.stm32cube.ide.mcu.externaltools.gnu-tools-for-stm32.7-2018-q2-update.win32_1.0.0.201904181610/tools/bin/../lib/gcc/arm-none-eabi/7.3.1/../../../../arm-none-eabi/lib/thumb/v7e-m/fpv4-sp/hard\libm.a
END GROUP
START GROUP
LOAD c:/st/stm32cubeide_1.0.0/stm32cubeide/plugins/com.st.stm32cube.ide.mcu.externaltools.gnu-tools-for-stm32.7-2018-q2-update.win32_1.0.0.201904181610/tools/bin/../lib/gcc/arm-none-eabi/7.3.1/thumb/v7e-m/fpv4-sp/hard\libgcc.a
LOAD c:/st/stm32cubeide_1.0.0/stm32cubeide/plugins/com.st.stm32cube.ide.mcu.externaltools.gnu-tools-for-stm32.7-2018-q2-update.win32_1.0.0.201904181610/tools/bin/../lib/gcc/arm-none-eabi/7.3.1/../../../../arm-none-eabi/lib/thumb/v7e-m/fpv4-sp/hard\libc_nano.a
END GROUP
START GROUP
LOAD c:/st/stm32cubeide_1.0.0/stm32cubeide/plugins/com.st.stm32cube.ide.mcu.externaltools.gnu-tools-for-stm32.7-2018-q2-update.win32_1.0.0.201904181610/tools/bin/../lib/gcc/arm-none-eabi/7.3.1/thumb/v7e-m/fpv4-sp/hard\libgcc.a
LOAD c:/st/stm32cubeide_1.0.0/stm32cubeide/plugins/com.st.stm32cube.ide.mcu.externaltools.gnu-tools-for-stm32.7-2018-q2-update.win32_1.0.0.201904181610/tools/bin/../lib/gcc/arm-none-eabi/7.3.1/../../../../arm-none-eabi/lib/thumb/v7e-m/fpv4-sp/hard\libc_nano.a
LOAD c:/st/stm32cubeide_1.0.0/stm32cubeide/plugins/com.st.stm32cube.ide.mcu.externaltools.gnu-tools-for-stm32.7-2018-q2-update.win32_1.0.0.201904181610/tools/bin/../lib/gcc/arm-none-eabi/7.3.1/../../../../arm-none-eabi/lib/thumb/v7e-m/fpv4-sp/hard\libnosys.a
END GROUP
START GROUP
LOAD c:/st/stm32cubeide_1.0.0/stm32cubeide/plugins/com.st.stm32cube.ide.mcu.externaltools.gnu-tools-for-stm32.7-2018-q2-update.win32_1.0.0.201904181610/tools/bin/../lib/gcc/arm-none-eabi/7.3.1/thumb/v7e-m/fpv4-sp/hard\libgcc.a
LOAD c:/st/stm32cubeide_1.0.0/stm32cubeide/plugins/com.st.stm32cube.ide.mcu.externaltools.gnu-tools-for-stm32.7-2018-q2-update.win32_1.0.0.201904181610/tools/bin/../lib/gcc/arm-none-eabi/7.3.1/../../../../arm-none-eabi/lib/thumb/v7e-m/fpv4-sp/hard\libc_nano.a
LOAD c:/st/stm32cubeide_1.0.0/stm32cubeide/plugins/com.st.stm32cube.ide.mcu.externaltools.gnu-tools-for-stm32.7-2018-q2-update.win32_1.0.0.201904181610/tools/bin/../lib/gcc/arm-none-eabi/7.3.1/../../../../arm-none-eabi/lib/thumb/v7e-m/fpv4-sp/hard\libnosys.a
END GROUP
LOAD c:/st/stm32cubeide_1.0.0/stm32cubeide/plugins/com.st.stm32cube.ide.mcu.externaltools.gnu-tools-for-stm32.7-2018-q2-update.win32_1.0.0.201904181610/tools/bin/../lib/gcc/arm-none-eabi/7.3.1/thumb/v7e-m/fpv4-sp/hard/crtend.o
LOAD c:/st/stm32cubeide_1.0.0/stm32cubeide/plugins/com.st.stm32cube.ide.mcu.externaltools.gnu-tools-for-stm32.7-2018-q2-update.win32_1.0.0.201904181610/tools/bin/../lib/gcc/arm-none-eabi/7.3.1/thumb/v7e-m/fpv4-sp/hard/crtn.o
                0x0000000020020000                _estack = 0x20020000
                0x0000000000000200                _Min_Heap_Size = 0x200
                0x0000000000000400                _Min_Stack_Size = 0x400

.isr_vector     0x0000000008000000      0x188
                0x0000000008000000                . = ALIGN (0x4)
 *(.isr_vector)
 .isr_vector    0x0000000008000000      0x188 Startup/startup_stm32f405rgtx.o
                0x0000000008000000                g_pfnVectors
                0x0000000008000188                . = ALIGN (0x4)

.text           0x0000000008000190     0xd9d8
                0x0000000008000190                . = ALIGN (0x4)
 *(.text)
 .text          0x0000000008000190       0x40 c:/st/stm32cubeide_1.0.0/stm32cubeide/plugins/com.st.stm32cube.ide.mcu.externaltools.gnu-tools-for-stm32.7-2018-q2-update.win32_1.0.0.201904181610/tools/bin/../lib/gcc/arm-none-eabi/7.3.1/thumb/v7e-m/fpv4-sp/hard/crtbegin.o
 .text          0x00000000080001d0       0x10 c:/st/stm32cubeide_1.0.0/stm32cubeide/plugins/com.st.stm32cube.ide.mcu.externaltools.gnu-tools-for-stm32.7-2018-q2-update.win32_1.0.0.201904181610/tools/bin/../lib/gcc/arm-none-eabi/7.3.1/../../../../arm-none-eabi/lib/thumb/v7e-m/fpv4-sp/hard\libc_nano.a(lib_a-strlen.o)
                0x00000000080001d0                strlen
 .text          0x00000000080001e0       0xa0 c:/st/stm32cubeide_1.0.0/stm32cubeide/plugins/com.st.stm32cube.ide.mcu.externaltools.gnu-tools-for-stm32.7-2018-q2-update.win32_1.0.0.201904181610/tools/bin/../lib/gcc/arm-none-eabi/7.3.1/../../../../arm-none-eabi/lib/thumb/v7e-m/fpv4-sp/hard\libc_nano.a(lib_a-memchr.o)
                0x00000000080001e0                memchr
 .text          0x0000000008000280      0x378 c:/st/stm32cubeide_1.0.0/stm32cubeide/plugins/com.st.stm32cube.ide.mcu.externaltools.gnu-tools-for-stm32.7-2018-q2-update.win32_1.0.0.201904181610/tools/bin/../lib/gcc/arm-none-eabi/7.3.1/thumb/v7e-m/fpv4-sp/hard\libgcc.a(_arm_addsubdf3.o)
                0x0000000008000280                __aeabi_drsub
                0x0000000008000288                __aeabi_dsub
                0x0000000008000288                __subdf3
                0x000000000800028c                __aeabi_dadd
                0x000000000800028c                __adddf3
                0x0000000008000504                __floatunsidf
                0x0000000008000504                __aeabi_ui2d
                0x0000000008000524                __floatsidf
                0x0000000008000524                __aeabi_i2d
                0x0000000008000548                __aeabi_f2d
                0x0000000008000548                __extendsfdf2
                0x000000000800058c                __floatundidf
                0x000000000800058c                __aeabi_ul2d
                0x000000000800059c                __floatdidf
                0x000000000800059c                __aeabi_l2d
 .text          0x00000000080005f8      0x424 c:/st/stm32cubeide_1.0.0/stm32cubeide/plugins/com.st.stm32cube.ide.mcu.externaltools.gnu-tools-for-stm32.7-2018-q2-update.win32_1.0.0.201904181610/tools/bin/../lib/gcc/arm-none-eabi/7.3.1/thumb/v7e-m/fpv4-sp/hard\libgcc.a(_arm_muldivdf3.o)
                0x00000000080005f8                __aeabi_dmul
                0x00000000080005f8                __muldf3
                0x000000000800084c                __divdf3
                0x000000000800084c                __aeabi_ddiv
 .text          0x0000000008000a1c      0x110 c:/st/stm32cubeide_1.0.0/stm32cubeide/plugins/com.st.stm32cube.ide.mcu.externaltools.gnu-tools-for-stm32.7-2018-q2-update.win32_1.0.0.201904181610/tools/bin/../lib/gcc/arm-none-eabi/7.3.1/thumb/v7e-m/fpv4-sp/hard\libgcc.a(_arm_cmpdf2.o)
                0x0000000008000a1c                __gtdf2
                0x0000000008000a1c                __gedf2
                0x0000000008000a24                __ltdf2
                0x0000000008000a24                __ledf2
                0x0000000008000a2c                __nedf2
                0x0000000008000a2c                __eqdf2
                0x0000000008000a2c                __cmpdf2
                0x0000000008000aa8                __aeabi_cdrcmple
                0x0000000008000ab8                __aeabi_cdcmpeq
                0x0000000008000ab8                __aeabi_cdcmple
                0x0000000008000ac8                __aeabi_dcmpeq
                0x0000000008000adc                __aeabi_dcmplt
                0x0000000008000af0                __aeabi_dcmple
                0x0000000008000b04                __aeabi_dcmpge
                0x0000000008000b18                __aeabi_dcmpgt
 .text          0x0000000008000b2c       0x2c c:/st/stm32cubeide_1.0.0/stm32cubeide/plugins/com.st.stm32cube.ide.mcu.externaltools.gnu-tools-for-stm32.7-2018-q2-update.win32_1.0.0.201904181610/tools/bin/../lib/gcc/arm-none-eabi/7.3.1/thumb/v7e-m/fpv4-sp/hard\libgcc.a(_arm_unorddf2.o)
                0x0000000008000b2c                __unorddf2
                0x0000000008000b2c                __aeabi_dcmpun
 .text          0x0000000008000b58       0x50 c:/st/stm32cubeide_1.0.0/stm32cubeide/plugins/com.st.stm32cube.ide.mcu.externaltools.gnu-tools-for-stm32.7-2018-q2-update.win32_1.0.0.201904181610/tools/bin/../lib/gcc/arm-none-eabi/7.3.1/thumb/v7e-m/fpv4-sp/hard\libgcc.a(_arm_fixdfsi.o)
                0x0000000008000b58                __aeabi_d2iz
                0x0000000008000b58                __fixdfsi
 .text          0x0000000008000ba8       0xa0 c:/st/stm32cubeide_1.0.0/stm32cubeide/plugins/com.st.stm32cube.ide.mcu.externaltools.gnu-tools-for-stm32.7-2018-q2-update.win32_1.0.0.201904181610/tools/bin/../lib/gcc/arm-none-eabi/7.3.1/thumb/v7e-m/fpv4-sp/hard\libgcc.a(_arm_truncdfsf2.o)
                0x0000000008000ba8                __truncdfsf2
                0x0000000008000ba8                __aeabi_d2f
 .text          0x0000000008000c48      0x21c c:/st/stm32cubeide_1.0.0/stm32cubeide/plugins/com.st.stm32cube.ide.mcu.externaltools.gnu-tools-for-stm32.7-2018-q2-update.win32_1.0.0.201904181610/tools/bin/../lib/gcc/arm-none-eabi/7.3.1/thumb/v7e-m/fpv4-sp/hard\libgcc.a(_arm_addsubsf3.o)
                0x0000000008000c48                __aeabi_frsub
                0x0000000008000c50                __subsf3
                0x0000000008000c50                __aeabi_fsub
                0x0000000008000c54                __aeabi_fadd
                0x0000000008000c54                __addsf3
                0x0000000008000db4                __aeabi_ui2f
                0x0000000008000db4                __floatunsisf
                0x0000000008000dbc                __aeabi_i2f
                0x0000000008000dbc                __floatsisf
                0x0000000008000dd8                __aeabi_ul2f
                0x0000000008000dd8                __floatundisf
                0x0000000008000de8                __aeabi_l2f
                0x0000000008000de8                __floatdisf
 .text          0x0000000008000e64       0x30 c:/st/stm32cubeide_1.0.0/stm32cubeide/plugins/com.st.stm32cube.ide.mcu.externaltools.gnu-tools-for-stm32.7-2018-q2-update.win32_1.0.0.201904181610/tools/bin/../lib/gcc/arm-none-eabi/7.3.1/thumb/v7e-m/fpv4-sp/hard\libgcc.a(_aeabi_uldivmod.o)
                0x0000000008000e64                __aeabi_uldivmod
 .text          0x0000000008000e94      0x2cc c:/st/stm32cubeide_1.0.0/stm32cubeide/plugins/com.st.stm32cube.ide.mcu.externaltools.gnu-tools-for-stm32.7-2018-q2-update.win32_1.0.0.201904181610/tools/bin/../lib/gcc/arm-none-eabi/7.3.1/thumb/v7e-m/fpv4-sp/hard\libgcc.a(_udivmoddi4.o)
                0x0000000008000e94                __udivmoddi4
 .text          0x0000000008001160        0x4 c:/st/stm32cubeide_1.0.0/stm32cubeide/plugins/com.st.stm32cube.ide.mcu.externaltools.gnu-tools-for-stm32.7-2018-q2-update.win32_1.0.0.201904181610/tools/bin/../lib/gcc/arm-none-eabi/7.3.1/thumb/v7e-m/fpv4-sp/hard\libgcc.a(_dvmd_tls.o)
                0x0000000008001160                __aeabi_idiv0
                0x0000000008001160                __aeabi_ldiv0
 *(.text*)
 .text.HAL_Init
                0x0000000008001164       0x44 Drivers/STM32F4xx_HAL_Driver/Src/stm32f4xx_hal.o
                0x0000000008001164                HAL_Init
 .text.HAL_InitTick
                0x00000000080011a8       0x60 Drivers/STM32F4xx_HAL_Driver/Src/stm32f4xx_hal.o
                0x00000000080011a8                HAL_InitTick
 .text.HAL_IncTick
                0x0000000008001208       0x28 Drivers/STM32F4xx_HAL_Driver/Src/stm32f4xx_hal.o
                0x0000000008001208                HAL_IncTick
 .text.HAL_GetTick
                0x0000000008001230       0x18 Drivers/STM32F4xx_HAL_Driver/Src/stm32f4xx_hal.o
                0x0000000008001230                HAL_GetTick
 .text.HAL_Delay
                0x0000000008001248       0x44 Drivers/STM32F4xx_HAL_Driver/Src/stm32f4xx_hal.o
                0x0000000008001248                HAL_Delay
 .text.HAL_ADC_Init
                0x000000000800128c       0x86 Drivers/STM32F4xx_HAL_Driver/Src/stm32f4xx_hal_adc.o
                0x000000000800128c                HAL_ADC_Init
 *fill*         0x0000000008001312        0x2 
 .text.HAL_ADC_Start
                0x0000000008001314      0x18c Drivers/STM32F4xx_HAL_Driver/Src/stm32f4xx_hal_adc.o
                0x0000000008001314                HAL_ADC_Start
 .text.HAL_ADC_PollForConversion
                0x00000000080014a0      0x108 Drivers/STM32F4xx_HAL_Driver/Src/stm32f4xx_hal_adc.o
                0x00000000080014a0                HAL_ADC_PollForConversion
 .text.HAL_ADC_GetValue
                0x00000000080015a8       0x1a Drivers/STM32F4xx_HAL_Driver/Src/stm32f4xx_hal_adc.o
                0x00000000080015a8                HAL_ADC_GetValue
 *fill*         0x00000000080015c2        0x2 
 .text.HAL_ADC_ConfigChannel
                0x00000000080015c4      0x244 Drivers/STM32F4xx_HAL_Driver/Src/stm32f4xx_hal_adc.o
                0x00000000080015c4                HAL_ADC_ConfigChannel
 .text.ADC_Init
                0x0000000008001808      0x1f8 Drivers/STM32F4xx_HAL_Driver/Src/stm32f4xx_hal_adc.o
 .text.__NVIC_SetPriorityGrouping
                0x0000000008001a00       0x48 Drivers/STM32F4xx_HAL_Driver/Src/stm32f4xx_hal_cortex.o
 .text.__NVIC_GetPriorityGrouping
                0x0000000008001a48       0x1c Drivers/STM32F4xx_HAL_Driver/Src/stm32f4xx_hal_cortex.o
 .text.__NVIC_EnableIRQ
                0x0000000008001a64       0x3c Drivers/STM32F4xx_HAL_Driver/Src/stm32f4xx_hal_cortex.o
 .text.__NVIC_SetPriority
                0x0000000008001aa0       0x54 Drivers/STM32F4xx_HAL_Driver/Src/stm32f4xx_hal_cortex.o
 .text.NVIC_EncodePriority
                0x0000000008001af4       0x66 Drivers/STM32F4xx_HAL_Driver/Src/stm32f4xx_hal_cortex.o
 *fill*         0x0000000008001b5a        0x2 
 .text.SysTick_Config
                0x0000000008001b5c       0x44 Drivers/STM32F4xx_HAL_Driver/Src/stm32f4xx_hal_cortex.o
 .text.HAL_NVIC_SetPriorityGrouping
                0x0000000008001ba0       0x16 Drivers/STM32F4xx_HAL_Driver/Src/stm32f4xx_hal_cortex.o
                0x0000000008001ba0                HAL_NVIC_SetPriorityGrouping
 .text.HAL_NVIC_SetPriority
                0x0000000008001bb6       0x38 Drivers/STM32F4xx_HAL_Driver/Src/stm32f4xx_hal_cortex.o
                0x0000000008001bb6                HAL_NVIC_SetPriority
 .text.HAL_NVIC_EnableIRQ
                0x0000000008001bee       0x1c Drivers/STM32F4xx_HAL_Driver/Src/stm32f4xx_hal_cortex.o
                0x0000000008001bee                HAL_NVIC_EnableIRQ
 .text.HAL_SYSTICK_Config
                0x0000000008001c0a       0x18 Drivers/STM32F4xx_HAL_Driver/Src/stm32f4xx_hal_cortex.o
                0x0000000008001c0a                HAL_SYSTICK_Config
 *fill*         0x0000000008001c22        0x2 
 .text.HAL_FLASH_Program
                0x0000000008001c24       0xa8 Drivers/STM32F4xx_HAL_Driver/Src/stm32f4xx_hal_flash.o
                0x0000000008001c24                HAL_FLASH_Program
 .text.HAL_FLASH_Unlock
                0x0000000008001ccc       0x44 Drivers/STM32F4xx_HAL_Driver/Src/stm32f4xx_hal_flash.o
                0x0000000008001ccc                HAL_FLASH_Unlock
 .text.HAL_FLASH_Lock
                0x0000000008001d10       0x20 Drivers/STM32F4xx_HAL_Driver/Src/stm32f4xx_hal_flash.o
                0x0000000008001d10                HAL_FLASH_Lock
 .text.FLASH_WaitForLastOperation
                0x0000000008001d30       0x80 Drivers/STM32F4xx_HAL_Driver/Src/stm32f4xx_hal_flash.o
                0x0000000008001d30                FLASH_WaitForLastOperation
 .text.FLASH_Program_DoubleWord
                0x0000000008001db0       0x5c Drivers/STM32F4xx_HAL_Driver/Src/stm32f4xx_hal_flash.o
 .text.FLASH_Program_Word
                0x0000000008001e0c       0x44 Drivers/STM32F4xx_HAL_Driver/Src/stm32f4xx_hal_flash.o
 .text.FLASH_Program_HalfWord
                0x0000000008001e50       0x48 Drivers/STM32F4xx_HAL_Driver/Src/stm32f4xx_hal_flash.o
 .text.FLASH_Program_Byte
                0x0000000008001e98       0x44 Drivers/STM32F4xx_HAL_Driver/Src/stm32f4xx_hal_flash.o
 .text.FLASH_SetErrorCode
                0x0000000008001edc       0xac Drivers/STM32F4xx_HAL_Driver/Src/stm32f4xx_hal_flash.o
 .text.HAL_FLASHEx_Erase
                0x0000000008001f88       0xe0 Drivers/STM32F4xx_HAL_Driver/Src/stm32f4xx_hal_flash_ex.o
                0x0000000008001f88                HAL_FLASHEx_Erase
 .text.FLASH_MassErase
                0x0000000008002068       0x48 Drivers/STM32F4xx_HAL_Driver/Src/stm32f4xx_hal_flash_ex.o
 .text.FLASH_Erase_Sector
                0x00000000080020b0       0x90 Drivers/STM32F4xx_HAL_Driver/Src/stm32f4xx_hal_flash_ex.o
                0x00000000080020b0                FLASH_Erase_Sector
 .text.FLASH_FlushCaches
                0x0000000008002140       0x8c Drivers/STM32F4xx_HAL_Driver/Src/stm32f4xx_hal_flash_ex.o
                0x0000000008002140                FLASH_FlushCaches
 .text.HAL_GPIO_Init
                0x00000000080021cc      0x334 Drivers/STM32F4xx_HAL_Driver/Src/stm32f4xx_hal_gpio.o
                0x00000000080021cc                HAL_GPIO_Init
 .text.HAL_GPIO_ReadPin
                0x0000000008002500       0x30 Drivers/STM32F4xx_HAL_Driver/Src/stm32f4xx_hal_gpio.o
                0x0000000008002500                HAL_GPIO_ReadPin
 .text.HAL_GPIO_WritePin
                0x0000000008002530       0x32 Drivers/STM32F4xx_HAL_Driver/Src/stm32f4xx_hal_gpio.o
                0x0000000008002530                HAL_GPIO_WritePin
 *fill*         0x0000000008002562        0x2 
 .text.HAL_RCC_OscConfig
                0x0000000008002564      0x484 Drivers/STM32F4xx_HAL_Driver/Src/stm32f4xx_hal_rcc.o
                0x0000000008002564                HAL_RCC_OscConfig
 .text.HAL_RCC_ClockConfig
                0x00000000080029e8      0x1c4 Drivers/STM32F4xx_HAL_Driver/Src/stm32f4xx_hal_rcc.o
                0x00000000080029e8                HAL_RCC_ClockConfig
 .text.HAL_RCC_GetSysClockFreq
                0x0000000008002bac      0x164 Drivers/STM32F4xx_HAL_Driver/Src/stm32f4xx_hal_rcc.o
                0x0000000008002bac                HAL_RCC_GetSysClockFreq
 .text.HAL_RCC_GetHCLKFreq
                0x0000000008002d10       0x18 Drivers/STM32F4xx_HAL_Driver/Src/stm32f4xx_hal_rcc.o
                0x0000000008002d10                HAL_RCC_GetHCLKFreq
 .text.HAL_RCC_GetPCLK1Freq
                0x0000000008002d28       0x28 Drivers/STM32F4xx_HAL_Driver/Src/stm32f4xx_hal_rcc.o
                0x0000000008002d28                HAL_RCC_GetPCLK1Freq
 .text.HAL_RCC_GetPCLK2Freq
                0x0000000008002d50       0x28 Drivers/STM32F4xx_HAL_Driver/Src/stm32f4xx_hal_rcc.o
                0x0000000008002d50                HAL_RCC_GetPCLK2Freq
 .text.HAL_SPI_Init
                0x0000000008002d78       0xc8 Drivers/STM32F4xx_HAL_Driver/Src/stm32f4xx_hal_spi.o
                0x0000000008002d78                HAL_SPI_Init
 .text.HAL_SPI_TransmitReceive
                0x0000000008002e40      0x344 Drivers/STM32F4xx_HAL_Driver/Src/stm32f4xx_hal_spi.o
                0x0000000008002e40                HAL_SPI_TransmitReceive
 .text.SPI_WaitFlagStateUntilTimeout
                0x0000000008003184       0xd4 Drivers/STM32F4xx_HAL_Driver/Src/stm32f4xx_hal_spi.o
 .text.SPI_EndRxTxTransaction
                0x0000000008003258       0x84 Drivers/STM32F4xx_HAL_Driver/Src/stm32f4xx_hal_spi.o
 .text.HAL_TIM_Base_Init
                0x00000000080032dc       0x56 Drivers/STM32F4xx_HAL_Driver/Src/stm32f4xx_hal_tim.o
                0x00000000080032dc                HAL_TIM_Base_Init
 .text.HAL_TIM_Base_Start
                0x0000000008003332       0x48 Drivers/STM32F4xx_HAL_Driver/Src/stm32f4xx_hal_tim.o
                0x0000000008003332                HAL_TIM_Base_Start
 .text.HAL_TIM_Base_Stop
                0x000000000800337a       0x56 Drivers/STM32F4xx_HAL_Driver/Src/stm32f4xx_hal_tim.o
                0x000000000800337a                HAL_TIM_Base_Stop
 .text.HAL_TIM_Base_Stop_IT
                0x00000000080033d0       0x56 Drivers/STM32F4xx_HAL_Driver/Src/stm32f4xx_hal_tim.o
                0x00000000080033d0                HAL_TIM_Base_Stop_IT
 .text.HAL_TIM_PWM_Init
                0x0000000008003426       0x56 Drivers/STM32F4xx_HAL_Driver/Src/stm32f4xx_hal_tim.o
                0x0000000008003426                HAL_TIM_PWM_Init
 .text.HAL_TIM_PWM_Start
                0x000000000800347c       0x7c Drivers/STM32F4xx_HAL_Driver/Src/stm32f4xx_hal_tim.o
                0x000000000800347c                HAL_TIM_PWM_Start
 .text.HAL_TIM_PWM_Stop
                0x00000000080034f8       0xb0 Drivers/STM32F4xx_HAL_Driver/Src/stm32f4xx_hal_tim.o
                0x00000000080034f8                HAL_TIM_PWM_Stop
 .text.HAL_TIM_Encoder_Init
                0x00000000080035a8      0x124 Drivers/STM32F4xx_HAL_Driver/Src/stm32f4xx_hal_tim.o
                0x00000000080035a8                HAL_TIM_Encoder_Init
 .text.HAL_TIM_Encoder_Start
                0x00000000080036cc       0x6e Drivers/STM32F4xx_HAL_Driver/Src/stm32f4xx_hal_tim.o
                0x00000000080036cc                HAL_TIM_Encoder_Start
 .text.HAL_TIM_Encoder_Stop
                0x000000000800373a       0x8e Drivers/STM32F4xx_HAL_Driver/Src/stm32f4xx_hal_tim.o
                0x000000000800373a                HAL_TIM_Encoder_Stop
 .text.HAL_TIM_IRQHandler
                0x00000000080037c8      0x210 Drivers/STM32F4xx_HAL_Driver/Src/stm32f4xx_hal_tim.o
                0x00000000080037c8                HAL_TIM_IRQHandler
 .text.HAL_TIM_PWM_ConfigChannel
                0x00000000080039d8      0x18c Drivers/STM32F4xx_HAL_Driver/Src/stm32f4xx_hal_tim.o
                0x00000000080039d8                HAL_TIM_PWM_ConfigChannel
 .text.HAL_TIM_ConfigClockSource
                0x0000000008003b64      0x16e Drivers/STM32F4xx_HAL_Driver/Src/stm32f4xx_hal_tim.o
                0x0000000008003b64                HAL_TIM_ConfigClockSource
 .text.HAL_TIM_OC_DelayElapsedCallback
                0x0000000008003cd2       0x14 Drivers/STM32F4xx_HAL_Driver/Src/stm32f4xx_hal_tim.o
                0x0000000008003cd2                HAL_TIM_OC_DelayElapsedCallback
 .text.HAL_TIM_IC_CaptureCallback
                0x0000000008003ce6       0x14 Drivers/STM32F4xx_HAL_Driver/Src/stm32f4xx_hal_tim.o
                0x0000000008003ce6                HAL_TIM_IC_CaptureCallback
 .text.HAL_TIM_PWM_PulseFinishedCallback
                0x0000000008003cfa       0x14 Drivers/STM32F4xx_HAL_Driver/Src/stm32f4xx_hal_tim.o
                0x0000000008003cfa                HAL_TIM_PWM_PulseFinishedCallback
 .text.HAL_TIM_TriggerCallback
                0x0000000008003d0e       0x14 Drivers/STM32F4xx_HAL_Driver/Src/stm32f4xx_hal_tim.o
                0x0000000008003d0e                HAL_TIM_TriggerCallback
 *fill*         0x0000000008003d22        0x2 
 .text.TIM_Base_SetConfig
                0x0000000008003d24      0x140 Drivers/STM32F4xx_HAL_Driver/Src/stm32f4xx_hal_tim.o
                0x0000000008003d24                TIM_Base_SetConfig
 .text.TIM_OC1_SetConfig
                0x0000000008003e64       0xe0 Drivers/STM32F4xx_HAL_Driver/Src/stm32f4xx_hal_tim.o
 .text.TIM_OC2_SetConfig
                0x0000000008003f44       0xec Drivers/STM32F4xx_HAL_Driver/Src/stm32f4xx_hal_tim.o
                0x0000000008003f44                TIM_OC2_SetConfig
 .text.TIM_OC3_SetConfig
                0x0000000008004030       0xe8 Drivers/STM32F4xx_HAL_Driver/Src/stm32f4xx_hal_tim.o
 .text.TIM_OC4_SetConfig
                0x0000000008004118       0xac Drivers/STM32F4xx_HAL_Driver/Src/stm32f4xx_hal_tim.o
 .text.TIM_TI1_ConfigInputStage
                0x00000000080041c4       0x5e Drivers/STM32F4xx_HAL_Driver/Src/stm32f4xx_hal_tim.o
 .text.TIM_TI2_ConfigInputStage
                0x0000000008004222       0x60 Drivers/STM32F4xx_HAL_Driver/Src/stm32f4xx_hal_tim.o
 .text.TIM_ITRx_SetConfig
                0x0000000008004282       0x36 Drivers/STM32F4xx_HAL_Driver/Src/stm32f4xx_hal_tim.o
 .text.TIM_ETR_SetConfig
                0x00000000080042b8       0x40 Drivers/STM32F4xx_HAL_Driver/Src/stm32f4xx_hal_tim.o
                0x00000000080042b8                TIM_ETR_SetConfig
 .text.TIM_CCxChannelCmd
                0x00000000080042f8       0x4a Drivers/STM32F4xx_HAL_Driver/Src/stm32f4xx_hal_tim.o
                0x00000000080042f8                TIM_CCxChannelCmd
 .text.HAL_TIMEx_MasterConfigSynchronization
                0x0000000008004342       0x8a Drivers/STM32F4xx_HAL_Driver/Src/stm32f4xx_hal_tim_ex.o
                0x0000000008004342                HAL_TIMEx_MasterConfigSynchronization
 .text.HAL_TIMEx_ConfigBreakDeadTime
                0x00000000080043cc       0xa4 Drivers/STM32F4xx_HAL_Driver/Src/stm32f4xx_hal_tim_ex.o
                0x00000000080043cc                HAL_TIMEx_ConfigBreakDeadTime
 .text.HAL_TIMEx_CommutCallback
                0x0000000008004470       0x14 Drivers/STM32F4xx_HAL_Driver/Src/stm32f4xx_hal_tim_ex.o
                0x0000000008004470                HAL_TIMEx_CommutCallback
 .text.HAL_TIMEx_BreakCallback
                0x0000000008004484       0x14 Drivers/STM32F4xx_HAL_Driver/Src/stm32f4xx_hal_tim_ex.o
                0x0000000008004484                HAL_TIMEx_BreakCallback
 .text.HAL_UART_Init
                0x0000000008004498       0x9a Drivers/STM32F4xx_HAL_Driver/Src/stm32f4xx_hal_uart.o
                0x0000000008004498                HAL_UART_Init
 .text.HAL_UART_Transmit
                0x0000000008004532      0x132 Drivers/STM32F4xx_HAL_Driver/Src/stm32f4xx_hal_uart.o
                0x0000000008004532                HAL_UART_Transmit
 .text.UART_WaitOnFlagUntilTimeout
                0x0000000008004664       0x94 Drivers/STM32F4xx_HAL_Driver/Src/stm32f4xx_hal_uart.o
 .text.UART_SetConfig
                0x00000000080046f8      0x414 Drivers/STM32F4xx_HAL_Driver/Src/stm32f4xx_hal_uart.o
 .text.WaitMs   0x0000000008004b0c       0x16 Src/Mouse/auxiliary.o
                0x0000000008004b0c                WaitMs
 *fill*         0x0000000008004b22        0x2 
 .text.ModeSelect
                0x0000000008004b24      0x114 Src/Mouse/auxiliary.o
                0x0000000008004b24                ModeSelect
 .text.StartWaiting
                0x0000000008004c38       0xa0 Src/Mouse/auxiliary.o
                0x0000000008004c38                StartWaiting
 .text.FirstAction
                0x0000000008004cd8       0x38 Src/Mouse/auxiliary.o
                0x0000000008004cd8                FirstAction
 .text.SetParams
                0x0000000008004d10       0xe0 Src/Mouse/auxiliary.o
                0x0000000008004d10                SetParams
 .text.SetGain  0x0000000008004df0       0x58 Src/Mouse/auxiliary.o
                0x0000000008004df0                SetGain
 .text.AutoCalibration
                0x0000000008004e48       0x38 Src/Mouse/auxiliary.o
                0x0000000008004e48                AutoCalibration
 .text.LedDisplay
                0x0000000008004e80       0x84 Src/Mouse/auxiliary.o
                0x0000000008004e80                LedDisplay
 .text.ResetDistance
                0x0000000008004f04       0x4c Src/Mouse/auxiliary.o
                0x0000000008004f04                ResetDistance
 .text.CheckBattery
                0x0000000008004f50       0x68 Src/Mouse/auxiliary.o
                0x0000000008004f50                CheckBattery
 .text.CalculateNormalParams
                0x0000000008004fb8       0xb4 Src/Mouse/auxiliary.o
                0x0000000008004fb8                CalculateNormalParams
 *fill*         0x000000000800506c        0x4 
 .text.CalculateBigParams
                0x0000000008005070      0x110 Src/Mouse/auxiliary.o
                0x0000000008005070                CalculateBigParams
 .text.ApplyOffsetParams
                0x0000000008005180       0x56 Src/Mouse/auxiliary.o
                0x0000000008005180                ApplyOffsetParams
 *fill*         0x00000000080051d6        0x2 
 .text.ApplyGain
                0x00000000080051d8       0x6c Src/Mouse/auxiliary.o
                0x00000000080051d8                ApplyGain
 .text.FailSafe
                0x0000000008005244       0x20 Src/Mouse/auxiliary.o
                0x0000000008005244                FailSafe
 .text.FailCheck
                0x0000000008005264       0x80 Src/Mouse/auxiliary.o
                0x0000000008005264                FailCheck
 .text.GyroInit
                0x00000000080052e4       0xfc Src/Mouse/connect.o
                0x00000000080052e4                GyroInit
 .text.ReadGyroOmegaZ
                0x00000000080053e0       0x4c Src/Mouse/connect.o
                0x00000000080053e0                ReadGyroOmegaZ
 .text.ReadGyroAccelX
                0x000000000800542c       0x4c Src/Mouse/connect.o
                0x000000000800542c                ReadGyroAccelX
 .text.GetOmegaOffset
                0x0000000008005478       0x64 Src/Mouse/connect.o
                0x0000000008005478                GetOmegaOffset
 .text.GetAccelOffset
                0x00000000080054dc       0x64 Src/Mouse/connect.o
                0x00000000080054dc                GetAccelOffset
 .text.HalfSectionAccel
                0x0000000008005540       0x38 Src/Mouse/drive.o
                0x0000000008005540                HalfSectionAccel
 .text.HalfSectionDecel
                0x0000000008005578       0x24 Src/Mouse/drive.o
                0x0000000008005578                HalfSectionDecel
 .text.GoOneSectionStop
                0x000000000800559c       0x1a Src/Mouse/drive.o
                0x000000000800559c                GoOneSectionStop
 .text.GoOneSectionContinuous
                0x00000000080055b6       0x14 Src/Mouse/drive.o
                0x00000000080055b6                GoOneSectionContinuous
 *fill*         0x00000000080055ca        0x2 
 .text.SpinR90  0x00000000080055cc       0x34 Src/Mouse/drive.o
                0x00000000080055cc                SpinR90
 .text.SlalomR90
                0x0000000008005600       0xbc Src/Mouse/drive.o
                0x0000000008005600                SlalomR90
 .text.SpinL90  0x00000000080056bc       0x34 Src/Mouse/drive.o
                0x00000000080056bc                SpinL90
 .text.SlalomL90
                0x00000000080056f0       0xb8 Src/Mouse/drive.o
                0x00000000080056f0                SlalomL90
 .text.BigSlalomR90
                0x00000000080057a8       0x90 Src/Mouse/drive.o
                0x00000000080057a8                BigSlalomR90
 .text.BigSlalomL90
                0x0000000008005838       0x8c Src/Mouse/drive.o
                0x0000000008005838                BigSlalomL90
 .text.BigSlalomR180
                0x00000000080058c4       0x90 Src/Mouse/drive.o
                0x00000000080058c4                BigSlalomR180
 .text.BigSlalomL180
                0x0000000008005954       0x8c Src/Mouse/drive.o
                0x0000000008005954                BigSlalomL180
 .text.Spin180  0x00000000080059e0       0x2c Src/Mouse/drive.o
                0x00000000080059e0                Spin180
 .text.FixPosition
                0x0000000008005a0c       0xa8 Src/Mouse/drive.o
                0x0000000008005a0c                FixPosition
 .text.DriveAccel
                0x0000000008005ab4       0xc8 Src/Mouse/drive.o
                0x0000000008005ab4                DriveAccel
 .text.DriveDecel
                0x0000000008005b7c      0x1e4 Src/Mouse/drive.o
                0x0000000008005b7c                DriveDecel
 .text.DriveSpin
                0x0000000008005d60      0x248 Src/Mouse/drive.o
                0x0000000008005d60                DriveSpin
 .text.DriveSlalom
                0x0000000008005fa8      0x290 Src/Mouse/drive.o
                0x0000000008005fa8                DriveSlalom
 .text.DriveSlalomFree
                0x0000000008006238      0x288 Src/Mouse/drive.o
                0x0000000008006238                DriveSlalomFree
 .text.DriveTrapezoid
                0x00000000080064c0      0x22c Src/Mouse/drive.o
                0x00000000080064c0                DriveTrapezoid
 .text.StartMotion
                0x00000000080066ec       0x74 Src/Mouse/drive.o
                0x00000000080066ec                StartMotion
 .text.StopMotion
                0x0000000008006760       0x64 Src/Mouse/drive.o
                0x0000000008006760                StopMotion
 .text.SetMotionDirection
                0x00000000080067c4       0xc8 Src/Mouse/drive.o
                0x00000000080067c4                SetMotionDirection
 .text.DisableMotor
                0x000000000800688c       0x78 Src/Mouse/drive.o
                0x000000000800688c                DisableMotor
 .text.DriveTest
                0x0000000008006904      0x230 Src/Mouse/drive.o
                0x0000000008006904                DriveTest
 .text.PIDStructureInit
                0x0000000008006b34       0x3a Src/Mouse/drive.o
                0x0000000008006b34                PIDStructureInit
 .text.eeprom_enable_write
                0x0000000008006b6e       0x48 Src/Mouse/eeprom.o
                0x0000000008006b6e                eeprom_enable_write
 .text.eeprom_disable_write
                0x0000000008006bb6        0xe Src/Mouse/eeprom.o
                0x0000000008006bb6                eeprom_disable_write
 .text.eeprom_write_halfword
                0x0000000008006bc4       0x3a Src/Mouse/eeprom.o
                0x0000000008006bc4                eeprom_write_halfword
 .text.eeprom_read_halfword
                0x0000000008006bfe       0x2e Src/Mouse/eeprom.o
                0x0000000008006bfe                eeprom_read_halfword
 .text.SaveMapInEeprom
                0x0000000008006c2c       0x60 Src/Mouse/eeprom.o
                0x0000000008006c2c                SaveMapInEeprom
 .text.LoadMapFromEeprom
                0x0000000008006c8c       0x58 Src/Mouse/eeprom.o
                0x0000000008006c8c                LoadMapFromEeprom
 .text.VariableInit
                0x0000000008006ce4      0x1fc Src/Mouse/init.o
                0x0000000008006ce4                VariableInit
 .text.HAL_TIM_PeriodElapsedCallback
                0x0000000008006ee0      0xa58 Src/Mouse/interrupt.o
                0x0000000008006ee0                HAL_TIM_PeriodElapsedCallback
 .text.InitializeMap
                0x0000000008007938       0xd8 Src/Mouse/map.o
                0x0000000008007938                InitializeMap
 .text.WriteMap
                0x0000000008007a10      0x250 Src/Mouse/map.o
                0x0000000008007a10                WriteMap
 .text.UpdatePosition
                0x0000000008007c60       0x8c Src/Mouse/map.o
                0x0000000008007c60                UpdatePosition
 .text.ConfRoute_NESW
                0x0000000008007cec       0x4c Src/Mouse/map.o
                0x0000000008007cec                ConfRoute_NESW
 .text.UpdateDirection
                0x0000000008007d38       0x30 Src/Mouse/map.o
                0x0000000008007d38                UpdateDirection
 .text.MakeStepMap
                0x0000000008007d68      0x25c Src/Mouse/map.o
                0x0000000008007d68                MakeStepMap
 .text.MakeRoute_NESW
                0x0000000008007fc4      0x26c Src/Mouse/map.o
                0x0000000008007fc4                MakeRoute_NESW
 .text.ConvertMapIntoWall
                0x0000000008008230       0xb0 Src/Mouse/map.o
                0x0000000008008230                ConvertMapIntoWall
 .text.PrintWallData
                0x00000000080082e0      0x134 Src/Mouse/map.o
                0x00000000080082e0                PrintWallData
 .text.MelodySummer
                0x0000000008008414       0x5a Src/Mouse/music.o
                0x0000000008008414                MelodySummer
 .text.MelodyRayearth
                0x000000000800846e       0x46 Src/Mouse/music.o
                0x000000000800846e                MelodyRayearth
 .text.MelodyGoal
                0x00000000080084b4       0x2c Src/Mouse/music.o
                0x00000000080084b4                MelodyGoal
 .text.MelodyUrara
                0x00000000080084e0       0x94 Src/Mouse/music.o
                0x00000000080084e0                MelodyUrara
 .text.MelodyMrLawrence
                0x0000000008008574       0xb0 Src/Mouse/music.o
                0x0000000008008574                MelodyMrLawrence
 .text.MelodyNatsumatsuri
                0x0000000008008624       0x58 Src/Mouse/music.o
                0x0000000008008624                MelodyNatsumatsuri
 .text.MelodyKurenai
                0x000000000800867c       0x76 Src/Mouse/music.o
                0x000000000800867c                MelodyKurenai
 .text.MelodyYamato
                0x00000000080086f2       0x64 Src/Mouse/music.o
                0x00000000080086f2                MelodyYamato
 *fill*         0x0000000008008756        0x2 
 .text.Melody   0x0000000008008758       0xbc Src/Mouse/music.o
                0x0000000008008758                Melody
 .text.SearchOneSection
                0x0000000008008814      0x114 Src/Mouse/search.o
                0x0000000008008814                SearchOneSection
 .text.SearchContinuous
                0x0000000008008928      0x1fc Src/Mouse/search.o
                0x0000000008008928                SearchContinuous
 .text.SearchSlalom
                0x0000000008008b24      0x1dc Src/Mouse/search.o
                0x0000000008008b24                SearchSlalom
 .text.CheckGoal
                0x0000000008008d00       0xd4 Src/Mouse/search.o
                0x0000000008008d00                CheckGoal
 .text.MakePass
                0x0000000008008dd4      0x3fc Src/Mouse/search.o
                0x0000000008008dd4                MakePass
 .text.ReadPass
                0x00000000080091d0      0x168 Src/Mouse/search.o
                0x00000000080091d0                ReadPass
 .text.ShowPass
                0x0000000008009338       0x90 Src/Mouse/search.o
                0x0000000008009338                ShowPass
 .text.GetWallData
                0x00000000080093c8       0x74 Src/Mouse/sensor.o
                0x00000000080093c8                GetWallData
 .text.EncoderGyroTest
                0x000000000800943c       0xa8 Src/Mouse/sensor.o
                0x000000000800943c                EncoderGyroTest
 .text.StartTimer
                0x00000000080094e4       0x44 Src/Mouse/sensor.o
                0x00000000080094e4                StartTimer
 .text.StopTimer
                0x0000000008009528       0x30 Src/Mouse/sensor.o
                0x0000000008009528                StopTimer
 .text.CheckSensor
                0x0000000008009558       0xfc Src/Mouse/sensor.o
                0x0000000008009558                CheckSensor
 .text.Tim6WaitUs
                0x0000000008009654       0x38 Src/Mouse/sensor.o
                0x0000000008009654                Tim6WaitUs
 .text.GetEncoderLeft
                0x000000000800968c       0x44 Src/Mouse/sensor.o
                0x000000000800968c                GetEncoderLeft
 .text.GetEncoderRight
                0x00000000080096d0       0x3c Src/Mouse/sensor.o
                0x00000000080096d0                GetEncoderRight
 *fill*         0x000000000800970c        0x4 
 .text.UpdateGyro
                0x0000000008009710       0xd4 Src/Mouse/sensor.o
                0x0000000008009710                UpdateGyro
 .text.UpdateEncoder
                0x00000000080097e4      0x134 Src/Mouse/sensor.o
                0x00000000080097e4                UpdateEncoder
 .text.GetADC   0x0000000008009918       0x4e Src/Mouse/sensor.o
                0x0000000008009918                GetADC
 *fill*         0x0000000008009966        0x2 
 .text.GetControlBaseValue
                0x0000000008009968       0x34 Src/Mouse/sensor.o
                0x0000000008009968                GetControlBaseValue
 .text.WallStructureInit
                0x000000000800999c       0x40 Src/Mouse/sensor.o
                0x000000000800999c                WallStructureInit
 .text.CenterStructureInit
                0x00000000080099dc       0x72 Src/Mouse/sensor.o
                0x00000000080099dc                CenterStructureInit
 .text.EncoderStructureInit
                0x0000000008009a4e       0x3c Src/Mouse/sensor.o
                0x0000000008009a4e                EncoderStructureInit
 *fill*         0x0000000008009a8a        0x2 
 .text.UtsutsuSystem
                0x0000000008009a8c      0x4c8 Src/Mouse/utsutsu.o
                0x0000000008009a8c                UtsutsuSystem
 .text.MX_ADC1_Init
                0x0000000008009f54       0xa4 Src/adc.o
                0x0000000008009f54                MX_ADC1_Init
 .text.HAL_ADC_MspInit
                0x0000000008009ff8       0x88 Src/adc.o
                0x0000000008009ff8                HAL_ADC_MspInit
 .text.MX_GPIO_Init
                0x000000000800a080      0x160 Src/gpio.o
                0x000000000800a080                MX_GPIO_Init
 .text.__io_putchar
                0x000000000800a1e0       0x3c Src/main.o
                0x000000000800a1e0                __io_putchar
 .text.main     0x000000000800a21c       0x58 Src/main.o
                0x000000000800a21c                main
 .text.SystemClock_Config
                0x000000000800a274       0xd4 Src/main.o
                0x000000000800a274                SystemClock_Config
 .text.Error_Handler
                0x000000000800a348        0xe Src/main.o
                0x000000000800a348                Error_Handler
 *fill*         0x000000000800a356        0x2 
 .text.MX_SPI3_Init
                0x000000000800a358       0x6c Src/spi.o
                0x000000000800a358                MX_SPI3_Init
 .text.HAL_SPI_MspInit
                0x000000000800a3c4       0x90 Src/spi.o
                0x000000000800a3c4                HAL_SPI_MspInit
 .text.ReadByte
                0x000000000800a454       0x54 Src/spi.o
                0x000000000800a454                ReadByte
 .text.WriteByte
                0x000000000800a4a8       0x58 Src/spi.o
                0x000000000800a4a8                WriteByte
 .text.HAL_MspInit
                0x000000000800a500       0x50 Src/stm32f4xx_hal_msp.o
                0x000000000800a500                HAL_MspInit
 .text.NMI_Handler
                0x000000000800a550        0xe Src/stm32f4xx_it.o
                0x000000000800a550                NMI_Handler
 .text.HardFault_Handler
                0x000000000800a55e        0x6 Src/stm32f4xx_it.o
                0x000000000800a55e                HardFault_Handler
 .text.MemManage_Handler
                0x000000000800a564        0x6 Src/stm32f4xx_it.o
                0x000000000800a564                MemManage_Handler
 .text.BusFault_Handler
                0x000000000800a56a        0x6 Src/stm32f4xx_it.o
                0x000000000800a56a                BusFault_Handler
 .text.UsageFault_Handler
                0x000000000800a570        0x6 Src/stm32f4xx_it.o
                0x000000000800a570                UsageFault_Handler
 .text.SVC_Handler
                0x000000000800a576        0xe Src/stm32f4xx_it.o
                0x000000000800a576                SVC_Handler
 .text.DebugMon_Handler
                0x000000000800a584        0xe Src/stm32f4xx_it.o
                0x000000000800a584                DebugMon_Handler
 .text.PendSV_Handler
                0x000000000800a592        0xe Src/stm32f4xx_it.o
                0x000000000800a592                PendSV_Handler
 .text.SysTick_Handler
                0x000000000800a5a0        0xc Src/stm32f4xx_it.o
                0x000000000800a5a0                SysTick_Handler
 .text.TIM1_BRK_TIM9_IRQHandler
                0x000000000800a5ac       0x14 Src/stm32f4xx_it.o
                0x000000000800a5ac                TIM1_BRK_TIM9_IRQHandler
 .text.TIM2_IRQHandler
                0x000000000800a5c0       0x14 Src/stm32f4xx_it.o
                0x000000000800a5c0                TIM2_IRQHandler
 .text.TIM6_DAC_IRQHandler
                0x000000000800a5d4       0x14 Src/stm32f4xx_it.o
                0x000000000800a5d4                TIM6_DAC_IRQHandler
 .text._read    0x000000000800a5e8       0x3a Src/syscalls.o
                0x000000000800a5e8                _read
 .text._write   0x000000000800a622       0x38 Src/syscalls.o
                0x000000000800a622                _write
 .text._close   0x000000000800a65a       0x18 Src/syscalls.o
                0x000000000800a65a                _close
 .text._fstat   0x000000000800a672       0x20 Src/syscalls.o
                0x000000000800a672                _fstat
 .text._isatty  0x000000000800a692       0x16 Src/syscalls.o
                0x000000000800a692                _isatty
 .text._lseek   0x000000000800a6a8       0x1a Src/syscalls.o
                0x000000000800a6a8                _lseek
 *fill*         0x000000000800a6c2        0x2 
 .text._sbrk    0x000000000800a6c4       0x58 Src/sysmem.o
                0x000000000800a6c4                _sbrk
 .text.SystemInit
                0x000000000800a71c       0x6c Src/system_stm32f4xx.o
                0x000000000800a71c                SystemInit
 .text.MX_TIM1_Init
                0x000000000800a788      0x144 Src/tim.o
                0x000000000800a788                MX_TIM1_Init
 .text.MX_TIM2_Init
                0x000000000800a8cc       0xec Src/tim.o
                0x000000000800a8cc                MX_TIM2_Init
 .text.MX_TIM3_Init
                0x000000000800a9b8       0xa8 Src/tim.o
                0x000000000800a9b8                MX_TIM3_Init
 .text.MX_TIM4_Init
                0x000000000800aa60       0xa8 Src/tim.o
                0x000000000800aa60                MX_TIM4_Init
 .text.MX_TIM6_Init
                0x000000000800ab08       0x68 Src/tim.o
                0x000000000800ab08                MX_TIM6_Init
 .text.MX_TIM8_Init
                0x000000000800ab70      0x104 Src/tim.o
                0x000000000800ab70                MX_TIM8_Init
 .text.MX_TIM11_Init
                0x000000000800ac74       0x9c Src/tim.o
                0x000000000800ac74                MX_TIM11_Init
 .text.HAL_TIM_Base_MspInit
                0x000000000800ad10       0xf0 Src/tim.o
                0x000000000800ad10                HAL_TIM_Base_MspInit
 .text.HAL_TIM_Encoder_MspInit
                0x000000000800ae00       0xfc Src/tim.o
                0x000000000800ae00                HAL_TIM_Encoder_MspInit
 .text.HAL_TIM_PWM_MspInit
                0x000000000800aefc       0x44 Src/tim.o
                0x000000000800aefc                HAL_TIM_PWM_MspInit
 .text.HAL_TIM_MspPostInit
                0x000000000800af40      0x160 Src/tim.o
                0x000000000800af40                HAL_TIM_MspPostInit
 .text.MX_USART1_UART_Init
                0x000000000800b0a0       0x54 Src/usart.o
                0x000000000800b0a0                MX_USART1_UART_Init
 .text.HAL_UART_MspInit
                0x000000000800b0f4       0x90 Src/usart.o
                0x000000000800b0f4                HAL_UART_MspInit
 .text.Reset_Handler
                0x000000000800b184       0x50 Startup/startup_stm32f405rgtx.o
                0x000000000800b184                Reset_Handler
 .text.Default_Handler
                0x000000000800b1d4        0x2 Startup/startup_stm32f405rgtx.o
                0x000000000800b1d4                RTC_Alarm_IRQHandler
                0x000000000800b1d4                HASH_RNG_IRQHandler
                0x000000000800b1d4                EXTI2_IRQHandler
                0x000000000800b1d4                TIM8_CC_IRQHandler
                0x000000000800b1d4                TIM1_CC_IRQHandler
                0x000000000800b1d4                DMA2_Stream5_IRQHandler
                0x000000000800b1d4                DMA1_Stream5_IRQHandler
                0x000000000800b1d4                PVD_IRQHandler
                0x000000000800b1d4                SDIO_IRQHandler
                0x000000000800b1d4                TAMP_STAMP_IRQHandler
                0x000000000800b1d4                CAN2_RX1_IRQHandler
                0x000000000800b1d4                EXTI3_IRQHandler
                0x000000000800b1d4                TIM8_TRG_COM_TIM14_IRQHandler
                0x000000000800b1d4                TIM1_UP_TIM10_IRQHandler
                0x000000000800b1d4                TIM8_UP_TIM13_IRQHandler
                0x000000000800b1d4                I2C3_ER_IRQHandler
                0x000000000800b1d4                EXTI0_IRQHandler
                0x000000000800b1d4                I2C2_EV_IRQHandler
                0x000000000800b1d4                DMA1_Stream2_IRQHandler
                0x000000000800b1d4                CAN1_RX0_IRQHandler
                0x000000000800b1d4                FPU_IRQHandler
                0x000000000800b1d4                OTG_HS_WKUP_IRQHandler
                0x000000000800b1d4                CAN2_SCE_IRQHandler
                0x000000000800b1d4                DMA2_Stream2_IRQHandler
                0x000000000800b1d4                SPI1_IRQHandler
                0x000000000800b1d4                CAN2_RX0_IRQHandler
                0x000000000800b1d4                DMA2_Stream3_IRQHandler
                0x000000000800b1d4                USART6_IRQHandler
                0x000000000800b1d4                USART3_IRQHandler
                0x000000000800b1d4                CAN1_RX1_IRQHandler
                0x000000000800b1d4                UART5_IRQHandler
                0x000000000800b1d4                DMA2_Stream0_IRQHandler
                0x000000000800b1d4                TIM4_IRQHandler
                0x000000000800b1d4                I2C1_EV_IRQHandler
                0x000000000800b1d4                DMA1_Stream6_IRQHandler
                0x000000000800b1d4                DMA1_Stream1_IRQHandler
                0x000000000800b1d4                UART4_IRQHandler
                0x000000000800b1d4                TIM3_IRQHandler
                0x000000000800b1d4                RCC_IRQHandler
                0x000000000800b1d4                TIM8_BRK_TIM12_IRQHandler
                0x000000000800b1d4                Default_Handler
                0x000000000800b1d4                EXTI15_10_IRQHandler
                0x000000000800b1d4                ADC_IRQHandler
                0x000000000800b1d4                DMA1_Stream7_IRQHandler
                0x000000000800b1d4                TIM7_IRQHandler
                0x000000000800b1d4                CAN2_TX_IRQHandler
                0x000000000800b1d4                TIM5_IRQHandler
                0x000000000800b1d4                DMA2_Stream7_IRQHandler
                0x000000000800b1d4                I2C3_EV_IRQHandler
                0x000000000800b1d4                EXTI9_5_IRQHandler
                0x000000000800b1d4                RTC_WKUP_IRQHandler
                0x000000000800b1d4                SPI2_IRQHandler
                0x000000000800b1d4                OTG_HS_EP1_IN_IRQHandler
                0x000000000800b1d4                DMA1_Stream0_IRQHandler
                0x000000000800b1d4                CAN1_TX_IRQHandler
                0x000000000800b1d4                EXTI4_IRQHandler
                0x000000000800b1d4                FSMC_IRQHandler
                0x000000000800b1d4                OTG_HS_EP1_OUT_IRQHandler
                0x000000000800b1d4                WWDG_IRQHandler
                0x000000000800b1d4                OTG_FS_WKUP_IRQHandler
                0x000000000800b1d4                TIM1_TRG_COM_TIM11_IRQHandler
                0x000000000800b1d4                OTG_HS_IRQHandler
                0x000000000800b1d4                EXTI1_IRQHandler
                0x000000000800b1d4                USART2_IRQHandler
                0x000000000800b1d4                I2C2_ER_IRQHandler
                0x000000000800b1d4                DMA2_Stream1_IRQHandler
                0x000000000800b1d4                CAN1_SCE_IRQHandler
                0x000000000800b1d4                FLASH_IRQHandler
                0x000000000800b1d4                DMA2_Stream4_IRQHandler
                0x000000000800b1d4                USART1_IRQHandler
                0x000000000800b1d4                OTG_FS_IRQHandler
                0x000000000800b1d4                SPI3_IRQHandler
                0x000000000800b1d4                DMA1_Stream4_IRQHandler
                0x000000000800b1d4                I2C1_ER_IRQHandler
                0x000000000800b1d4                DMA2_Stream6_IRQHandler
                0x000000000800b1d4                DMA1_Stream3_IRQHandler
 *fill*         0x000000000800b1d6        0x2 
 .text.__errno  0x000000000800b1d8        0xc c:/st/stm32cubeide_1.0.0/stm32cubeide/plugins/com.st.stm32cube.ide.mcu.externaltools.gnu-tools-for-stm32.7-2018-q2-update.win32_1.0.0.201904181610/tools/bin/../lib/gcc/arm-none-eabi/7.3.1/../../../../arm-none-eabi/lib/thumb/v7e-m/fpv4-sp/hard\libc_nano.a(lib_a-errno.o)
                0x000000000800b1d8                __errno
 .text.__libc_init_array
                0x000000000800b1e4       0x48 c:/st/stm32cubeide_1.0.0/stm32cubeide/plugins/com.st.stm32cube.ide.mcu.externaltools.gnu-tools-for-stm32.7-2018-q2-update.win32_1.0.0.201904181610/tools/bin/../lib/gcc/arm-none-eabi/7.3.1/../../../../arm-none-eabi/lib/thumb/v7e-m/fpv4-sp/hard\libc_nano.a(lib_a-init.o)
                0x000000000800b1e4                __libc_init_array
 .text.memset   0x000000000800b22c       0x10 c:/st/stm32cubeide_1.0.0/stm32cubeide/plugins/com.st.stm32cube.ide.mcu.externaltools.gnu-tools-for-stm32.7-2018-q2-update.win32_1.0.0.201904181610/tools/bin/../lib/gcc/arm-none-eabi/7.3.1/../../../../arm-none-eabi/lib/thumb/v7e-m/fpv4-sp/hard\libc_nano.a(lib_a-memset.o)
                0x000000000800b22c                memset
 .text.__cvt    0x000000000800b23c       0xc2 c:/st/stm32cubeide_1.0.0/stm32cubeide/plugins/com.st.stm32cube.ide.mcu.externaltools.gnu-tools-for-stm32.7-2018-q2-update.win32_1.0.0.201904181610/tools/bin/../lib/gcc/arm-none-eabi/7.3.1/../../../../arm-none-eabi/lib/thumb/v7e-m/fpv4-sp/hard\libc_nano.a(lib_a-nano-vfprintf_float.o)
                0x000000000800b23c                __cvt
 .text.__exponent
                0x000000000800b2fe       0x66 c:/st/stm32cubeide_1.0.0/stm32cubeide/plugins/com.st.stm32cube.ide.mcu.externaltools.gnu-tools-for-stm32.7-2018-q2-update.win32_1.0.0.201904181610/tools/bin/../lib/gcc/arm-none-eabi/7.3.1/../../../../arm-none-eabi/lib/thumb/v7e-m/fpv4-sp/hard\libc_nano.a(lib_a-nano-vfprintf_float.o)
                0x000000000800b2fe                __exponent
 .text._printf_float
                0x000000000800b364      0x480 c:/st/stm32cubeide_1.0.0/stm32cubeide/plugins/com.st.stm32cube.ide.mcu.externaltools.gnu-tools-for-stm32.7-2018-q2-update.win32_1.0.0.201904181610/tools/bin/../lib/gcc/arm-none-eabi/7.3.1/../../../../arm-none-eabi/lib/thumb/v7e-m/fpv4-sp/hard\libc_nano.a(lib_a-nano-vfprintf_float.o)
                0x000000000800b364                _printf_float
 .text._printf_common
                0x000000000800b7e4       0xea c:/st/stm32cubeide_1.0.0/stm32cubeide/plugins/com.st.stm32cube.ide.mcu.externaltools.gnu-tools-for-stm32.7-2018-q2-update.win32_1.0.0.201904181610/tools/bin/../lib/gcc/arm-none-eabi/7.3.1/../../../../arm-none-eabi/lib/thumb/v7e-m/fpv4-sp/hard\libc_nano.a(lib_a-nano-vfprintf_i.o)
                0x000000000800b7e4                _printf_common
 *fill*         0x000000000800b8ce        0x2 
 .text._printf_i
                0x000000000800b8d0      0x224 c:/st/stm32cubeide_1.0.0/stm32cubeide/plugins/com.st.stm32cube.ide.mcu.externaltools.gnu-tools-for-stm32.7-2018-q2-update.win32_1.0.0.201904181610/tools/bin/../lib/gcc/arm-none-eabi/7.3.1/../../../../arm-none-eabi/lib/thumb/v7e-m/fpv4-sp/hard\libc_nano.a(lib_a-nano-vfprintf_i.o)
                0x000000000800b8d0                _printf_i
 .text.printf   0x000000000800baf4       0x30 c:/st/stm32cubeide_1.0.0/stm32cubeide/plugins/com.st.stm32cube.ide.mcu.externaltools.gnu-tools-for-stm32.7-2018-q2-update.win32_1.0.0.201904181610/tools/bin/../lib/gcc/arm-none-eabi/7.3.1/../../../../arm-none-eabi/lib/thumb/v7e-m/fpv4-sp/hard\libc_nano.a(lib_a-printf.o)
                0x000000000800baf4                iprintf
                0x000000000800baf4                printf
 .text.putchar  0x000000000800bb24       0x28 c:/st/stm32cubeide_1.0.0/stm32cubeide/plugins/com.st.stm32cube.ide.mcu.externaltools.gnu-tools-for-stm32.7-2018-q2-update.win32_1.0.0.201904181610/tools/bin/../lib/gcc/arm-none-eabi/7.3.1/../../../../arm-none-eabi/lib/thumb/v7e-m/fpv4-sp/hard\libc_nano.a(lib_a-putchar.o)
                0x000000000800bb24                putchar
 .text._puts_r  0x000000000800bb4c       0xb8 c:/st/stm32cubeide_1.0.0/stm32cubeide/plugins/com.st.stm32cube.ide.mcu.externaltools.gnu-tools-for-stm32.7-2018-q2-update.win32_1.0.0.201904181610/tools/bin/../lib/gcc/arm-none-eabi/7.3.1/../../../../arm-none-eabi/lib/thumb/v7e-m/fpv4-sp/hard\libc_nano.a(lib_a-puts.o)
                0x000000000800bb4c                _puts_r
 .text.puts     0x000000000800bc04       0x10 c:/st/stm32cubeide_1.0.0/stm32cubeide/plugins/com.st.stm32cube.ide.mcu.externaltools.gnu-tools-for-stm32.7-2018-q2-update.win32_1.0.0.201904181610/tools/bin/../lib/gcc/arm-none-eabi/7.3.1/../../../../arm-none-eabi/lib/thumb/v7e-m/fpv4-sp/hard\libc_nano.a(lib_a-puts.o)
                0x000000000800bc04                puts
 .text.setbuf   0x000000000800bc14       0x10 c:/st/stm32cubeide_1.0.0/stm32cubeide/plugins/com.st.stm32cube.ide.mcu.externaltools.gnu-tools-for-stm32.7-2018-q2-update.win32_1.0.0.201904181610/tools/bin/../lib/gcc/arm-none-eabi/7.3.1/../../../../arm-none-eabi/lib/thumb/v7e-m/fpv4-sp/hard\libc_nano.a(lib_a-setbuf.o)
                0x000000000800bc14                setbuf
 .text.setvbuf  0x000000000800bc24      0x15c c:/st/stm32cubeide_1.0.0/stm32cubeide/plugins/com.st.stm32cube.ide.mcu.externaltools.gnu-tools-for-stm32.7-2018-q2-update.win32_1.0.0.201904181610/tools/bin/../lib/gcc/arm-none-eabi/7.3.1/../../../../arm-none-eabi/lib/thumb/v7e-m/fpv4-sp/hard\libc_nano.a(lib_a-setvbuf.o)
                0x000000000800bc24                setvbuf
 .text.__swbuf_r
                0x000000000800bd80       0xa4 c:/st/stm32cubeide_1.0.0/stm32cubeide/plugins/com.st.stm32cube.ide.mcu.externaltools.gnu-tools-for-stm32.7-2018-q2-update.win32_1.0.0.201904181610/tools/bin/../lib/gcc/arm-none-eabi/7.3.1/../../../../arm-none-eabi/lib/thumb/v7e-m/fpv4-sp/hard\libc_nano.a(lib_a-wbuf.o)
                0x000000000800bd80                __swbuf_r
 .text.__swsetup_r
                0x000000000800be24       0xdc c:/st/stm32cubeide_1.0.0/stm32cubeide/plugins/com.st.stm32cube.ide.mcu.externaltools.gnu-tools-for-stm32.7-2018-q2-update.win32_1.0.0.201904181610/tools/bin/../lib/gcc/arm-none-eabi/7.3.1/../../../../arm-none-eabi/lib/thumb/v7e-m/fpv4-sp/hard\libc_nano.a(lib_a-wsetup.o)
                0x000000000800be24                __swsetup_r
 .text.quorem   0x000000000800bf00      0x118 c:/st/stm32cubeide_1.0.0/stm32cubeide/plugins/com.st.stm32cube.ide.mcu.externaltools.gnu-tools-for-stm32.7-2018-q2-update.win32_1.0.0.201904181610/tools/bin/../lib/gcc/arm-none-eabi/7.3.1/../../../../arm-none-eabi/lib/thumb/v7e-m/fpv4-sp/hard\libc_nano.a(lib_a-dtoa.o)
 .text._dtoa_r  0x000000000800c018      0xb70 c:/st/stm32cubeide_1.0.0/stm32cubeide/plugins/com.st.stm32cube.ide.mcu.externaltools.gnu-tools-for-stm32.7-2018-q2-update.win32_1.0.0.201904181610/tools/bin/../lib/gcc/arm-none-eabi/7.3.1/../../../../arm-none-eabi/lib/thumb/v7e-m/fpv4-sp/hard\libc_nano.a(lib_a-dtoa.o)
                0x000000000800c018                _dtoa_r
 .text.__sflush_r
                0x000000000800cb88      0x10c c:/st/stm32cubeide_1.0.0/stm32cubeide/plugins/com.st.stm32cube.ide.mcu.externaltools.gnu-tools-for-stm32.7-2018-q2-update.win32_1.0.0.201904181610/tools/bin/../lib/gcc/arm-none-eabi/7.3.1/../../../../arm-none-eabi/lib/thumb/v7e-m/fpv4-sp/hard\libc_nano.a(lib_a-fflush.o)
                0x000000000800cb88                __sflush_r
 .text._fflush_r
                0x000000000800cc94       0x54 c:/st/stm32cubeide_1.0.0/stm32cubeide/plugins/com.st.stm32cube.ide.mcu.externaltools.gnu-tools-for-stm32.7-2018-q2-update.win32_1.0.0.201904181610/tools/bin/../lib/gcc/arm-none-eabi/7.3.1/../../../../arm-none-eabi/lib/thumb/v7e-m/fpv4-sp/hard\libc_nano.a(lib_a-fflush.o)
                0x000000000800cc94                _fflush_r
 .text.std      0x000000000800cce8       0x48 c:/st/stm32cubeide_1.0.0/stm32cubeide/plugins/com.st.stm32cube.ide.mcu.externaltools.gnu-tools-for-stm32.7-2018-q2-update.win32_1.0.0.201904181610/tools/bin/../lib/gcc/arm-none-eabi/7.3.1/../../../../arm-none-eabi/lib/thumb/v7e-m/fpv4-sp/hard\libc_nano.a(lib_a-findfp.o)
 .text._cleanup_r
                0x000000000800cd30        0xc c:/st/stm32cubeide_1.0.0/stm32cubeide/plugins/com.st.stm32cube.ide.mcu.externaltools.gnu-tools-for-stm32.7-2018-q2-update.win32_1.0.0.201904181610/tools/bin/../lib/gcc/arm-none-eabi/7.3.1/../../../../arm-none-eabi/lib/thumb/v7e-m/fpv4-sp/hard\libc_nano.a(lib_a-findfp.o)
                0x000000000800cd30                _cleanup_r
 .text.__sfmoreglue
                0x000000000800cd3c       0x2c c:/st/stm32cubeide_1.0.0/stm32cubeide/plugins/com.st.stm32cube.ide.mcu.externaltools.gnu-tools-for-stm32.7-2018-q2-update.win32_1.0.0.201904181610/tools/bin/../lib/gcc/arm-none-eabi/7.3.1/../../../../arm-none-eabi/lib/thumb/v7e-m/fpv4-sp/hard\libc_nano.a(lib_a-findfp.o)
                0x000000000800cd3c                __sfmoreglue
 .text.__sinit  0x000000000800cd68       0x60 c:/st/stm32cubeide_1.0.0/stm32cubeide/plugins/com.st.stm32cube.ide.mcu.externaltools.gnu-tools-for-stm32.7-2018-q2-update.win32_1.0.0.201904181610/tools/bin/../lib/gcc/arm-none-eabi/7.3.1/../../../../arm-none-eabi/lib/thumb/v7e-m/fpv4-sp/hard\libc_nano.a(lib_a-findfp.o)
                0x000000000800cd68                __sinit
 .text.__sfp    0x000000000800cdc8       0x78 c:/st/stm32cubeide_1.0.0/stm32cubeide/plugins/com.st.stm32cube.ide.mcu.externaltools.gnu-tools-for-stm32.7-2018-q2-update.win32_1.0.0.201904181610/tools/bin/../lib/gcc/arm-none-eabi/7.3.1/../../../../arm-none-eabi/lib/thumb/v7e-m/fpv4-sp/hard\libc_nano.a(lib_a-findfp.o)
                0x000000000800cdc8                __sfp
 .text._fwalk_reent
                0x000000000800ce40       0x3c c:/st/stm32cubeide_1.0.0/stm32cubeide/plugins/com.st.stm32cube.ide.mcu.externaltools.gnu-tools-for-stm32.7-2018-q2-update.win32_1.0.0.201904181610/tools/bin/../lib/gcc/arm-none-eabi/7.3.1/../../../../arm-none-eabi/lib/thumb/v7e-m/fpv4-sp/hard\libc_nano.a(lib_a-fwalk.o)
                0x000000000800ce40                _fwalk_reent
 .text._localeconv_r
                0x000000000800ce7c       0x1c c:/st/stm32cubeide_1.0.0/stm32cubeide/plugins/com.st.stm32cube.ide.mcu.externaltools.gnu-tools-for-stm32.7-2018-q2-update.win32_1.0.0.201904181610/tools/bin/../lib/gcc/arm-none-eabi/7.3.1/../../../../arm-none-eabi/lib/thumb/v7e-m/fpv4-sp/hard\libc_nano.a(lib_a-localeconv.o)
                0x000000000800ce7c                _localeconv_r
 .text.__swhatbuf_r
                0x000000000800ce98       0x48 c:/st/stm32cubeide_1.0.0/stm32cubeide/plugins/com.st.stm32cube.ide.mcu.externaltools.gnu-tools-for-stm32.7-2018-q2-update.win32_1.0.0.201904181610/tools/bin/../lib/gcc/arm-none-eabi/7.3.1/../../../../arm-none-eabi/lib/thumb/v7e-m/fpv4-sp/hard\libc_nano.a(lib_a-makebuf.o)
                0x000000000800ce98                __swhatbuf_r
 .text.__smakebuf_r
                0x000000000800cee0       0x80 c:/st/stm32cubeide_1.0.0/stm32cubeide/plugins/com.st.stm32cube.ide.mcu.externaltools.gnu-tools-for-stm32.7-2018-q2-update.win32_1.0.0.201904181610/tools/bin/../lib/gcc/arm-none-eabi/7.3.1/../../../../arm-none-eabi/lib/thumb/v7e-m/fpv4-sp/hard\libc_nano.a(lib_a-makebuf.o)
                0x000000000800cee0                __smakebuf_r
 .text.malloc   0x000000000800cf60       0x10 c:/st/stm32cubeide_1.0.0/stm32cubeide/plugins/com.st.stm32cube.ide.mcu.externaltools.gnu-tools-for-stm32.7-2018-q2-update.win32_1.0.0.201904181610/tools/bin/../lib/gcc/arm-none-eabi/7.3.1/../../../../arm-none-eabi/lib/thumb/v7e-m/fpv4-sp/hard\libc_nano.a(lib_a-malloc.o)
                0x000000000800cf60                malloc
 .text.memcpy   0x000000000800cf70       0x16 c:/st/stm32cubeide_1.0.0/stm32cubeide/plugins/com.st.stm32cube.ide.mcu.externaltools.gnu-tools-for-stm32.7-2018-q2-update.win32_1.0.0.201904181610/tools/bin/../lib/gcc/arm-none-eabi/7.3.1/../../../../arm-none-eabi/lib/thumb/v7e-m/fpv4-sp/hard\libc_nano.a(lib_a-memcpy-stub.o)
                0x000000000800cf70                memcpy
 .text._Balloc  0x000000000800cf86       0x68 c:/st/stm32cubeide_1.0.0/stm32cubeide/plugins/com.st.stm32cube.ide.mcu.externaltools.gnu-tools-for-stm32.7-2018-q2-update.win32_1.0.0.201904181610/tools/bin/../lib/gcc/arm-none-eabi/7.3.1/../../../../arm-none-eabi/lib/thumb/v7e-m/fpv4-sp/hard\libc_nano.a(lib_a-mprec.o)
                0x000000000800cf86                _Balloc
 .text._Bfree   0x000000000800cfee       0x2e c:/st/stm32cubeide_1.0.0/stm32cubeide/plugins/com.st.stm32cube.ide.mcu.externaltools.gnu-tools-for-stm32.7-2018-q2-update.win32_1.0.0.201904181610/tools/bin/../lib/gcc/arm-none-eabi/7.3.1/../../../../arm-none-eabi/lib/thumb/v7e-m/fpv4-sp/hard\libc_nano.a(lib_a-mprec.o)
                0x000000000800cfee                _Bfree
 .text.__multadd
                0x000000000800d01c       0x76 c:/st/stm32cubeide_1.0.0/stm32cubeide/plugins/com.st.stm32cube.ide.mcu.externaltools.gnu-tools-for-stm32.7-2018-q2-update.win32_1.0.0.201904181610/tools/bin/../lib/gcc/arm-none-eabi/7.3.1/../../../../arm-none-eabi/lib/thumb/v7e-m/fpv4-sp/hard\libc_nano.a(lib_a-mprec.o)
                0x000000000800d01c                __multadd
 .text.__hi0bits
                0x000000000800d092       0x3e c:/st/stm32cubeide_1.0.0/stm32cubeide/plugins/com.st.stm32cube.ide.mcu.externaltools.gnu-tools-for-stm32.7-2018-q2-update.win32_1.0.0.201904181610/tools/bin/../lib/gcc/arm-none-eabi/7.3.1/../../../../arm-none-eabi/lib/thumb/v7e-m/fpv4-sp/hard\libc_nano.a(lib_a-mprec.o)
                0x000000000800d092                __hi0bits
 .text.__lo0bits
                0x000000000800d0d0       0x5e c:/st/stm32cubeide_1.0.0/stm32cubeide/plugins/com.st.stm32cube.ide.mcu.externaltools.gnu-tools-for-stm32.7-2018-q2-update.win32_1.0.0.201904181610/tools/bin/../lib/gcc/arm-none-eabi/7.3.1/../../../../arm-none-eabi/lib/thumb/v7e-m/fpv4-sp/hard\libc_nano.a(lib_a-mprec.o)
                0x000000000800d0d0                __lo0bits
 .text.__i2b    0x000000000800d12e       0x12 c:/st/stm32cubeide_1.0.0/stm32cubeide/plugins/com.st.stm32cube.ide.mcu.externaltools.gnu-tools-for-stm32.7-2018-q2-update.win32_1.0.0.201904181610/tools/bin/../lib/gcc/arm-none-eabi/7.3.1/../../../../arm-none-eabi/lib/thumb/v7e-m/fpv4-sp/hard\libc_nano.a(lib_a-mprec.o)
                0x000000000800d12e                __i2b
 .text.__multiply
                0x000000000800d140      0x12c c:/st/stm32cubeide_1.0.0/stm32cubeide/plugins/com.st.stm32cube.ide.mcu.externaltools.gnu-tools-for-stm32.7-2018-q2-update.win32_1.0.0.201904181610/tools/bin/../lib/gcc/arm-none-eabi/7.3.1/../../../../arm-none-eabi/lib/thumb/v7e-m/fpv4-sp/hard\libc_nano.a(lib_a-mprec.o)
                0x000000000800d140                __multiply
 .text.__pow5mult
                0x000000000800d26c       0x9c c:/st/stm32cubeide_1.0.0/stm32cubeide/plugins/com.st.stm32cube.ide.mcu.externaltools.gnu-tools-for-stm32.7-2018-q2-update.win32_1.0.0.201904181610/tools/bin/../lib/gcc/arm-none-eabi/7.3.1/../../../../arm-none-eabi/lib/thumb/v7e-m/fpv4-sp/hard\libc_nano.a(lib_a-mprec.o)
                0x000000000800d26c                __pow5mult
 .text.__lshift
                0x000000000800d308       0xa8 c:/st/stm32cubeide_1.0.0/stm32cubeide/plugins/com.st.stm32cube.ide.mcu.externaltools.gnu-tools-for-stm32.7-2018-q2-update.win32_1.0.0.201904181610/tools/bin/../lib/gcc/arm-none-eabi/7.3.1/../../../../arm-none-eabi/lib/thumb/v7e-m/fpv4-sp/hard\libc_nano.a(lib_a-mprec.o)
                0x000000000800d308                __lshift
 .text.__mcmp   0x000000000800d3b0       0x34 c:/st/stm32cubeide_1.0.0/stm32cubeide/plugins/com.st.stm32cube.ide.mcu.externaltools.gnu-tools-for-stm32.7-2018-q2-update.win32_1.0.0.201904181610/tools/bin/../lib/gcc/arm-none-eabi/7.3.1/../../../../arm-none-eabi/lib/thumb/v7e-m/fpv4-sp/hard\libc_nano.a(lib_a-mprec.o)
                0x000000000800d3b0                __mcmp
 .text.__mdiff  0x000000000800d3e4       0xba c:/st/stm32cubeide_1.0.0/stm32cubeide/plugins/com.st.stm32cube.ide.mcu.externaltools.gnu-tools-for-stm32.7-2018-q2-update.win32_1.0.0.201904181610/tools/bin/../lib/gcc/arm-none-eabi/7.3.1/../../../../arm-none-eabi/lib/thumb/v7e-m/fpv4-sp/hard\libc_nano.a(lib_a-mprec.o)
                0x000000000800d3e4                __mdiff
 .text.__d2b    0x000000000800d49e       0x9e c:/st/stm32cubeide_1.0.0/stm32cubeide/plugins/com.st.stm32cube.ide.mcu.externaltools.gnu-tools-for-stm32.7-2018-q2-update.win32_1.0.0.201904181610/tools/bin/../lib/gcc/arm-none-eabi/7.3.1/../../../../arm-none-eabi/lib/thumb/v7e-m/fpv4-sp/hard\libc_nano.a(lib_a-mprec.o)
                0x000000000800d49e                __d2b
 .text._calloc_r
                0x000000000800d53c       0x1c c:/st/stm32cubeide_1.0.0/stm32cubeide/plugins/com.st.stm32cube.ide.mcu.externaltools.gnu-tools-for-stm32.7-2018-q2-update.win32_1.0.0.201904181610/tools/bin/../lib/gcc/arm-none-eabi/7.3.1/../../../../arm-none-eabi/lib/thumb/v7e-m/fpv4-sp/hard\libc_nano.a(lib_a-nano-callocr.o)
                0x000000000800d53c                _calloc_r
 .text._free_r  0x000000000800d558       0x9c c:/st/stm32cubeide_1.0.0/stm32cubeide/plugins/com.st.stm32cube.ide.mcu.externaltools.gnu-tools-for-stm32.7-2018-q2-update.win32_1.0.0.201904181610/tools/bin/../lib/gcc/arm-none-eabi/7.3.1/../../../../arm-none-eabi/lib/thumb/v7e-m/fpv4-sp/hard\libc_nano.a(lib_a-nano-freer.o)
                0x000000000800d558                _free_r
 .text._malloc_r
                0x000000000800d5f4       0xb4 c:/st/stm32cubeide_1.0.0/stm32cubeide/plugins/com.st.stm32cube.ide.mcu.externaltools.gnu-tools-for-stm32.7-2018-q2-update.win32_1.0.0.201904181610/tools/bin/../lib/gcc/arm-none-eabi/7.3.1/../../../../arm-none-eabi/lib/thumb/v7e-m/fpv4-sp/hard\libc_nano.a(lib_a-nano-mallocr.o)
                0x000000000800d5f4                _malloc_r
 .text.__sfputc_r
                0x000000000800d6a8       0x2e c:/st/stm32cubeide_1.0.0/stm32cubeide/plugins/com.st.stm32cube.ide.mcu.externaltools.gnu-tools-for-stm32.7-2018-q2-update.win32_1.0.0.201904181610/tools/bin/../lib/gcc/arm-none-eabi/7.3.1/../../../../arm-none-eabi/lib/thumb/v7e-m/fpv4-sp/hard\libc_nano.a(lib_a-nano-vfprintf.o)
 .text.__sfputs_r
                0x000000000800d6d6       0x24 c:/st/stm32cubeide_1.0.0/stm32cubeide/plugins/com.st.stm32cube.ide.mcu.externaltools.gnu-tools-for-stm32.7-2018-q2-update.win32_1.0.0.201904181610/tools/bin/../lib/gcc/arm-none-eabi/7.3.1/../../../../arm-none-eabi/lib/thumb/v7e-m/fpv4-sp/hard\libc_nano.a(lib_a-nano-vfprintf.o)
                0x000000000800d6d6                __sfputs_r
 *fill*         0x000000000800d6fa        0x2 
 .text._vfprintf_r
                0x000000000800d6fc      0x22c c:/st/stm32cubeide_1.0.0/stm32cubeide/plugins/com.st.stm32cube.ide.mcu.externaltools.gnu-tools-for-stm32.7-2018-q2-update.win32_1.0.0.201904181610/tools/bin/../lib/gcc/arm-none-eabi/7.3.1/../../../../arm-none-eabi/lib/thumb/v7e-m/fpv4-sp/hard\libc_nano.a(lib_a-nano-vfprintf.o)
                0x000000000800d6fc                _vfprintf_r
                0x000000000800d6fc                _vfiprintf_r
 .text._putc_r  0x000000000800d928       0x6c c:/st/stm32cubeide_1.0.0/stm32cubeide/plugins/com.st.stm32cube.ide.mcu.externaltools.gnu-tools-for-stm32.7-2018-q2-update.win32_1.0.0.201904181610/tools/bin/../lib/gcc/arm-none-eabi/7.3.1/../../../../arm-none-eabi/lib/thumb/v7e-m/fpv4-sp/hard\libc_nano.a(lib_a-putc.o)
                0x000000000800d928                _putc_r
 .text._sbrk_r  0x000000000800d994       0x20 c:/st/stm32cubeide_1.0.0/stm32cubeide/plugins/com.st.stm32cube.ide.mcu.externaltools.gnu-tools-for-stm32.7-2018-q2-update.win32_1.0.0.201904181610/tools/bin/../lib/gcc/arm-none-eabi/7.3.1/../../../../arm-none-eabi/lib/thumb/v7e-m/fpv4-sp/hard\libc_nano.a(lib_a-sbrkr.o)
                0x000000000800d994                _sbrk_r
 .text.__sread  0x000000000800d9b4       0x22 c:/st/stm32cubeide_1.0.0/stm32cubeide/plugins/com.st.stm32cube.ide.mcu.externaltools.gnu-tools-for-stm32.7-2018-q2-update.win32_1.0.0.201904181610/tools/bin/../lib/gcc/arm-none-eabi/7.3.1/../../../../arm-none-eabi/lib/thumb/v7e-m/fpv4-sp/hard\libc_nano.a(lib_a-stdio.o)
                0x000000000800d9b4                __sread
 .text.__swrite
                0x000000000800d9d6       0x38 c:/st/stm32cubeide_1.0.0/stm32cubeide/plugins/com.st.stm32cube.ide.mcu.externaltools.gnu-tools-for-stm32.7-2018-q2-update.win32_1.0.0.201904181610/tools/bin/../lib/gcc/arm-none-eabi/7.3.1/../../../../arm-none-eabi/lib/thumb/v7e-m/fpv4-sp/hard\libc_nano.a(lib_a-stdio.o)
                0x000000000800d9d6                __swrite
 .text.__sseek  0x000000000800da0e       0x24 c:/st/stm32cubeide_1.0.0/stm32cubeide/plugins/com.st.stm32cube.ide.mcu.externaltools.gnu-tools-for-stm32.7-2018-q2-update.win32_1.0.0.201904181610/tools/bin/../lib/gcc/arm-none-eabi/7.3.1/../../../../arm-none-eabi/lib/thumb/v7e-m/fpv4-sp/hard\libc_nano.a(lib_a-stdio.o)
                0x000000000800da0e                __sseek
 .text.__sclose
                0x000000000800da32        0x8 c:/st/stm32cubeide_1.0.0/stm32cubeide/plugins/com.st.stm32cube.ide.mcu.externaltools.gnu-tools-for-stm32.7-2018-q2-update.win32_1.0.0.201904181610/tools/bin/../lib/gcc/arm-none-eabi/7.3.1/../../../../arm-none-eabi/lib/thumb/v7e-m/fpv4-sp/hard\libc_nano.a(lib_a-stdio.o)
                0x000000000800da32                __sclose
 *fill*         0x000000000800da3a        0x2 
 .text._write_r
                0x000000000800da3c       0x24 c:/st/stm32cubeide_1.0.0/stm32cubeide/plugins/com.st.stm32cube.ide.mcu.externaltools.gnu-tools-for-stm32.7-2018-q2-update.win32_1.0.0.201904181610/tools/bin/../lib/gcc/arm-none-eabi/7.3.1/../../../../arm-none-eabi/lib/thumb/v7e-m/fpv4-sp/hard\libc_nano.a(lib_a-writer.o)
                0x000000000800da3c                _write_r
 .text._close_r
                0x000000000800da60       0x20 c:/st/stm32cubeide_1.0.0/stm32cubeide/plugins/com.st.stm32cube.ide.mcu.externaltools.gnu-tools-for-stm32.7-2018-q2-update.win32_1.0.0.201904181610/tools/bin/../lib/gcc/arm-none-eabi/7.3.1/../../../../arm-none-eabi/lib/thumb/v7e-m/fpv4-sp/hard\libc_nano.a(lib_a-closer.o)
                0x000000000800da60                _close_r
 .text._fstat_r
                0x000000000800da80       0x24 c:/st/stm32cubeide_1.0.0/stm32cubeide/plugins/com.st.stm32cube.ide.mcu.externaltools.gnu-tools-for-stm32.7-2018-q2-update.win32_1.0.0.201904181610/tools/bin/../lib/gcc/arm-none-eabi/7.3.1/../../../../arm-none-eabi/lib/thumb/v7e-m/fpv4-sp/hard\libc_nano.a(lib_a-fstatr.o)
                0x000000000800da80                _fstat_r
 .text._isatty_r
                0x000000000800daa4       0x20 c:/st/stm32cubeide_1.0.0/stm32cubeide/plugins/com.st.stm32cube.ide.mcu.externaltools.gnu-tools-for-stm32.7-2018-q2-update.win32_1.0.0.201904181610/tools/bin/../lib/gcc/arm-none-eabi/7.3.1/../../../../arm-none-eabi/lib/thumb/v7e-m/fpv4-sp/hard\libc_nano.a(lib_a-isattyr.o)
                0x000000000800daa4                _isatty_r
 .text._lseek_r
                0x000000000800dac4       0x24 c:/st/stm32cubeide_1.0.0/stm32cubeide/plugins/com.st.stm32cube.ide.mcu.externaltools.gnu-tools-for-stm32.7-2018-q2-update.win32_1.0.0.201904181610/tools/bin/../lib/gcc/arm-none-eabi/7.3.1/../../../../arm-none-eabi/lib/thumb/v7e-m/fpv4-sp/hard\libc_nano.a(lib_a-lseekr.o)
                0x000000000800dac4                _lseek_r
 .text.__ascii_mbtowc
                0x000000000800dae8       0x24 c:/st/stm32cubeide_1.0.0/stm32cubeide/plugins/com.st.stm32cube.ide.mcu.externaltools.gnu-tools-for-stm32.7-2018-q2-update.win32_1.0.0.201904181610/tools/bin/../lib/gcc/arm-none-eabi/7.3.1/../../../../arm-none-eabi/lib/thumb/v7e-m/fpv4-sp/hard\libc_nano.a(lib_a-mbtowc_r.o)
                0x000000000800dae8                __ascii_mbtowc
 .text.__malloc_lock
                0x000000000800db0c        0x2 c:/st/stm32cubeide_1.0.0/stm32cubeide/plugins/com.st.stm32cube.ide.mcu.externaltools.gnu-tools-for-stm32.7-2018-q2-update.win32_1.0.0.201904181610/tools/bin/../lib/gcc/arm-none-eabi/7.3.1/../../../../arm-none-eabi/lib/thumb/v7e-m/fpv4-sp/hard\libc_nano.a(lib_a-mlock.o)
                0x000000000800db0c                __malloc_lock
 .text.__malloc_unlock
                0x000000000800db0e        0x2 c:/st/stm32cubeide_1.0.0/stm32cubeide/plugins/com.st.stm32cube.ide.mcu.externaltools.gnu-tools-for-stm32.7-2018-q2-update.win32_1.0.0.201904181610/tools/bin/../lib/gcc/arm-none-eabi/7.3.1/../../../../arm-none-eabi/lib/thumb/v7e-m/fpv4-sp/hard\libc_nano.a(lib_a-mlock.o)
                0x000000000800db0e                __malloc_unlock
 .text._read_r  0x000000000800db10       0x24 c:/st/stm32cubeide_1.0.0/stm32cubeide/plugins/com.st.stm32cube.ide.mcu.externaltools.gnu-tools-for-stm32.7-2018-q2-update.win32_1.0.0.201904181610/tools/bin/../lib/gcc/arm-none-eabi/7.3.1/../../../../arm-none-eabi/lib/thumb/v7e-m/fpv4-sp/hard\libc_nano.a(lib_a-readr.o)
                0x000000000800db10                _read_r
 .text.__ascii_wctomb
                0x000000000800db34       0x1a c:/st/stm32cubeide_1.0.0/stm32cubeide/plugins/com.st.stm32cube.ide.mcu.externaltools.gnu-tools-for-stm32.7-2018-q2-update.win32_1.0.0.201904181610/tools/bin/../lib/gcc/arm-none-eabi/7.3.1/../../../../arm-none-eabi/lib/thumb/v7e-m/fpv4-sp/hard\libc_nano.a(lib_a-wctomb_r.o)
                0x000000000800db34                __ascii_wctomb
 *(.glue_7)
 .glue_7        0x000000000800db4e        0x0 linker stubs
 *(.glue_7t)
 .glue_7t       0x000000000800db4e        0x0 linker stubs
 *(.eh_frame)
 *fill*         0x000000000800db4e        0x2 
 .eh_frame      0x000000000800db50        0x0 c:/st/stm32cubeide_1.0.0/stm32cubeide/plugins/com.st.stm32cube.ide.mcu.externaltools.gnu-tools-for-stm32.7-2018-q2-update.win32_1.0.0.201904181610/tools/bin/../lib/gcc/arm-none-eabi/7.3.1/thumb/v7e-m/fpv4-sp/hard/crtbegin.o
 *(.init)
 .init          0x000000000800db50        0x4 c:/st/stm32cubeide_1.0.0/stm32cubeide/plugins/com.st.stm32cube.ide.mcu.externaltools.gnu-tools-for-stm32.7-2018-q2-update.win32_1.0.0.201904181610/tools/bin/../lib/gcc/arm-none-eabi/7.3.1/thumb/v7e-m/fpv4-sp/hard/crti.o
                0x000000000800db50                _init
 .init          0x000000000800db54        0x8 c:/st/stm32cubeide_1.0.0/stm32cubeide/plugins/com.st.stm32cube.ide.mcu.externaltools.gnu-tools-for-stm32.7-2018-q2-update.win32_1.0.0.201904181610/tools/bin/../lib/gcc/arm-none-eabi/7.3.1/thumb/v7e-m/fpv4-sp/hard/crtn.o
 *(.fini)
 .fini          0x000000000800db5c        0x4 c:/st/stm32cubeide_1.0.0/stm32cubeide/plugins/com.st.stm32cube.ide.mcu.externaltools.gnu-tools-for-stm32.7-2018-q2-update.win32_1.0.0.201904181610/tools/bin/../lib/gcc/arm-none-eabi/7.3.1/thumb/v7e-m/fpv4-sp/hard/crti.o
                0x000000000800db5c                _fini
 .fini          0x000000000800db60        0x8 c:/st/stm32cubeide_1.0.0/stm32cubeide/plugins/com.st.stm32cube.ide.mcu.externaltools.gnu-tools-for-stm32.7-2018-q2-update.win32_1.0.0.201904181610/tools/bin/../lib/gcc/arm-none-eabi/7.3.1/thumb/v7e-m/fpv4-sp/hard/crtn.o
                0x000000000800db68                . = ALIGN (0x4)
                0x000000000800db68                _etext = .

.vfp11_veneer   0x000000000800db68        0x0
 .vfp11_veneer  0x000000000800db68        0x0 linker stubs

.v4_bx          0x000000000800db68        0x0
 .v4_bx         0x000000000800db68        0x0 linker stubs

.iplt           0x000000000800db68        0x0
 .iplt          0x000000000800db68        0x0 c:/st/stm32cubeide_1.0.0/stm32cubeide/plugins/com.st.stm32cube.ide.mcu.externaltools.gnu-tools-for-stm32.7-2018-q2-update.win32_1.0.0.201904181610/tools/bin/../lib/gcc/arm-none-eabi/7.3.1/thumb/v7e-m/fpv4-sp/hard/crtbegin.o

.rodata         0x000000000800db68      0x568
                0x000000000800db68                . = ALIGN (0x4)
 *(.rodata)
 .rodata        0x000000000800db68       0x62 Src/Mouse/auxiliary.o
 *fill*         0x000000000800dbca        0x2 
 .rodata        0x000000000800dbcc       0x4b Src/Mouse/connect.o
 *fill*         0x000000000800dc17        0x1 
 .rodata        0x000000000800dc18       0x26 Src/Mouse/drive.o
 *fill*         0x000000000800dc3e        0x2 
 .rodata        0x000000000800dc40       0x2b Src/Mouse/init.o
 *fill*         0x000000000800dc6b        0x1 
 .rodata        0x000000000800dc6c       0x51 Src/Mouse/map.o
 *fill*         0x000000000800dcbd        0x3 
 .rodata        0x000000000800dcc0       0x4e Src/Mouse/search.o
 *fill*         0x000000000800dd0e        0x2 
 .rodata        0x000000000800dd10       0x7b Src/Mouse/sensor.o
 *fill*         0x000000000800dd8b        0x1 
 .rodata        0x000000000800dd8c       0x6a Src/Mouse/utsutsu.o
 *(.rodata*)
 *fill*         0x000000000800ddf6        0x2 
 .rodata.AHBPrescTable
                0x000000000800ddf8       0x10 Src/system_stm32f4xx.o
                0x000000000800ddf8                AHBPrescTable
 .rodata.APBPrescTable
                0x000000000800de08        0x8 Src/system_stm32f4xx.o
                0x000000000800de08                APBPrescTable
 .rodata._global_impure_ptr
                0x000000000800de10        0x4 c:/st/stm32cubeide_1.0.0/stm32cubeide/plugins/com.st.stm32cube.ide.mcu.externaltools.gnu-tools-for-stm32.7-2018-q2-update.win32_1.0.0.201904181610/tools/bin/../lib/gcc/arm-none-eabi/7.3.1/../../../../arm-none-eabi/lib/thumb/v7e-m/fpv4-sp/hard\libc_nano.a(lib_a-impure.o)
                0x000000000800de10                _global_impure_ptr
 .rodata._printf_float.str1.1
                0x000000000800de14       0x12 c:/st/stm32cubeide_1.0.0/stm32cubeide/plugins/com.st.stm32cube.ide.mcu.externaltools.gnu-tools-for-stm32.7-2018-q2-update.win32_1.0.0.201904181610/tools/bin/../lib/gcc/arm-none-eabi/7.3.1/../../../../arm-none-eabi/lib/thumb/v7e-m/fpv4-sp/hard\libc_nano.a(lib_a-nano-vfprintf_float.o)
 .rodata._printf_i.str1.1
                0x000000000800de26       0x22 c:/st/stm32cubeide_1.0.0/stm32cubeide/plugins/com.st.stm32cube.ide.mcu.externaltools.gnu-tools-for-stm32.7-2018-q2-update.win32_1.0.0.201904181610/tools/bin/../lib/gcc/arm-none-eabi/7.3.1/../../../../arm-none-eabi/lib/thumb/v7e-m/fpv4-sp/hard\libc_nano.a(lib_a-nano-vfprintf_i.o)
 .rodata._dtoa_r.str1.1
                0x000000000800de48        0xd c:/st/stm32cubeide_1.0.0/stm32cubeide/plugins/com.st.stm32cube.ide.mcu.externaltools.gnu-tools-for-stm32.7-2018-q2-update.win32_1.0.0.201904181610/tools/bin/../lib/gcc/arm-none-eabi/7.3.1/../../../../arm-none-eabi/lib/thumb/v7e-m/fpv4-sp/hard\libc_nano.a(lib_a-dtoa.o)
                                          0xf (size before relaxing)
 *fill*         0x000000000800de55        0x3 
 .rodata.__sf_fake_stderr
                0x000000000800de58       0x20 c:/st/stm32cubeide_1.0.0/stm32cubeide/plugins/com.st.stm32cube.ide.mcu.externaltools.gnu-tools-for-stm32.7-2018-q2-update.win32_1.0.0.201904181610/tools/bin/../lib/gcc/arm-none-eabi/7.3.1/../../../../arm-none-eabi/lib/thumb/v7e-m/fpv4-sp/hard\libc_nano.a(lib_a-findfp.o)
                0x000000000800de58                __sf_fake_stderr
 .rodata.__sf_fake_stdin
                0x000000000800de78       0x20 c:/st/stm32cubeide_1.0.0/stm32cubeide/plugins/com.st.stm32cube.ide.mcu.externaltools.gnu-tools-for-stm32.7-2018-q2-update.win32_1.0.0.201904181610/tools/bin/../lib/gcc/arm-none-eabi/7.3.1/../../../../arm-none-eabi/lib/thumb/v7e-m/fpv4-sp/hard\libc_nano.a(lib_a-findfp.o)
                0x000000000800de78                __sf_fake_stdin
 .rodata.__sf_fake_stdout
                0x000000000800de98       0x20 c:/st/stm32cubeide_1.0.0/stm32cubeide/plugins/com.st.stm32cube.ide.mcu.externaltools.gnu-tools-for-stm32.7-2018-q2-update.win32_1.0.0.201904181610/tools/bin/../lib/gcc/arm-none-eabi/7.3.1/../../../../arm-none-eabi/lib/thumb/v7e-m/fpv4-sp/hard\libc_nano.a(lib_a-findfp.o)
                0x000000000800de98                __sf_fake_stdout
 .rodata.__mprec_bigtens
                0x000000000800deb8       0x28 c:/st/stm32cubeide_1.0.0/stm32cubeide/plugins/com.st.stm32cube.ide.mcu.externaltools.gnu-tools-for-stm32.7-2018-q2-update.win32_1.0.0.201904181610/tools/bin/../lib/gcc/arm-none-eabi/7.3.1/../../../../arm-none-eabi/lib/thumb/v7e-m/fpv4-sp/hard\libc_nano.a(lib_a-mprec.o)
                0x000000000800deb8                __mprec_bigtens
 .rodata.__mprec_tens
                0x000000000800dee0       0xc8 c:/st/stm32cubeide_1.0.0/stm32cubeide/plugins/com.st.stm32cube.ide.mcu.externaltools.gnu-tools-for-stm32.7-2018-q2-update.win32_1.0.0.201904181610/tools/bin/../lib/gcc/arm-none-eabi/7.3.1/../../../../arm-none-eabi/lib/thumb/v7e-m/fpv4-sp/hard\libc_nano.a(lib_a-mprec.o)
                0x000000000800dee0                __mprec_tens
 .rodata.p05.7359
                0x000000000800dfa8        0xc c:/st/stm32cubeide_1.0.0/stm32cubeide/plugins/com.st.stm32cube.ide.mcu.externaltools.gnu-tools-for-stm32.7-2018-q2-update.win32_1.0.0.201904181610/tools/bin/../lib/gcc/arm-none-eabi/7.3.1/../../../../arm-none-eabi/lib/thumb/v7e-m/fpv4-sp/hard\libc_nano.a(lib_a-mprec.o)
 .rodata._vfprintf_r.str1.1
                0x000000000800dfb4       0x11 c:/st/stm32cubeide_1.0.0/stm32cubeide/plugins/com.st.stm32cube.ide.mcu.externaltools.gnu-tools-for-stm32.7-2018-q2-update.win32_1.0.0.201904181610/tools/bin/../lib/gcc/arm-none-eabi/7.3.1/../../../../arm-none-eabi/lib/thumb/v7e-m/fpv4-sp/hard\libc_nano.a(lib_a-nano-vfprintf.o)
 .rodata._setlocale_r.str1.1
                0x000000000800dfc5        0x8 c:/st/stm32cubeide_1.0.0/stm32cubeide/plugins/com.st.stm32cube.ide.mcu.externaltools.gnu-tools-for-stm32.7-2018-q2-update.win32_1.0.0.201904181610/tools/bin/../lib/gcc/arm-none-eabi/7.3.1/../../../../arm-none-eabi/lib/thumb/v7e-m/fpv4-sp/hard\libc_nano.a(lib_a-locale.o)
                                          0x9 (size before relaxing)
 .rodata.str1.1
                0x000000000800dfcd        0x2 c:/st/stm32cubeide_1.0.0/stm32cubeide/plugins/com.st.stm32cube.ide.mcu.externaltools.gnu-tools-for-stm32.7-2018-q2-update.win32_1.0.0.201904181610/tools/bin/../lib/gcc/arm-none-eabi/7.3.1/../../../../arm-none-eabi/lib/thumb/v7e-m/fpv4-sp/hard\libc_nano.a(lib_a-locale.o)
 .rodata._ctype_
                0x000000000800dfcf      0x101 c:/st/stm32cubeide_1.0.0/stm32cubeide/plugins/com.st.stm32cube.ide.mcu.externaltools.gnu-tools-for-stm32.7-2018-q2-update.win32_1.0.0.201904181610/tools/bin/../lib/gcc/arm-none-eabi/7.3.1/../../../../arm-none-eabi/lib/thumb/v7e-m/fpv4-sp/hard\libc_nano.a(lib_a-ctype_.o)
                0x000000000800dfcf                _ctype_
                0x000000000800e0d0                . = ALIGN (0x4)

.ARM.extab      0x000000000800e0d0        0x0
                0x000000000800e0d0                . = ALIGN (0x4)
 *(.ARM.extab* .gnu.linkonce.armextab.*)
                0x000000000800e0d0                . = ALIGN (0x4)

.ARM            0x000000000800e0d0        0x8
                0x000000000800e0d0                . = ALIGN (0x4)
                0x000000000800e0d0                __exidx_start = .
 *(.ARM.exidx*)
 .ARM.exidx     0x000000000800e0d0        0x8 c:/st/stm32cubeide_1.0.0/stm32cubeide/plugins/com.st.stm32cube.ide.mcu.externaltools.gnu-tools-for-stm32.7-2018-q2-update.win32_1.0.0.201904181610/tools/bin/../lib/gcc/arm-none-eabi/7.3.1/thumb/v7e-m/fpv4-sp/hard\libgcc.a(_udivmoddi4.o)
                0x000000000800e0d8                __exidx_end = .
                0x000000000800e0d8                . = ALIGN (0x4)

.rel.dyn        0x000000000800e0d8        0x0
 .rel.iplt      0x000000000800e0d8        0x0 c:/st/stm32cubeide_1.0.0/stm32cubeide/plugins/com.st.stm32cube.ide.mcu.externaltools.gnu-tools-for-stm32.7-2018-q2-update.win32_1.0.0.201904181610/tools/bin/../lib/gcc/arm-none-eabi/7.3.1/thumb/v7e-m/fpv4-sp/hard/crtbegin.o

.preinit_array  0x000000000800e0d8        0x0
                0x000000000800e0d8                . = ALIGN (0x4)
                0x000000000800e0d8                PROVIDE (__preinit_array_start = .)
 *(.preinit_array*)
                0x000000000800e0d8                PROVIDE (__preinit_array_end = .)
                0x000000000800e0d8                . = ALIGN (0x4)

.init_array     0x000000000800e0d8        0x4
                0x000000000800e0d8                . = ALIGN (0x4)
                0x000000000800e0d8                PROVIDE (__init_array_start = .)
 *(SORT_BY_NAME(.init_array.*))
 *(.init_array*)
 .init_array    0x000000000800e0d8        0x4 c:/st/stm32cubeide_1.0.0/stm32cubeide/plugins/com.st.stm32cube.ide.mcu.externaltools.gnu-tools-for-stm32.7-2018-q2-update.win32_1.0.0.201904181610/tools/bin/../lib/gcc/arm-none-eabi/7.3.1/thumb/v7e-m/fpv4-sp/hard/crtbegin.o
                0x000000000800e0dc                PROVIDE (__init_array_end = .)
                0x000000000800e0dc                . = ALIGN (0x4)

.fini_array     0x000000000800e0dc        0x4
                0x000000000800e0dc                . = ALIGN (0x4)
                [!provide]                        PROVIDE (__fini_array_start = .)
 *(SORT_BY_NAME(.fini_array.*))
 *(.fini_array*)
 .fini_array    0x000000000800e0dc        0x4 c:/st/stm32cubeide_1.0.0/stm32cubeide/plugins/com.st.stm32cube.ide.mcu.externaltools.gnu-tools-for-stm32.7-2018-q2-update.win32_1.0.0.201904181610/tools/bin/../lib/gcc/arm-none-eabi/7.3.1/thumb/v7e-m/fpv4-sp/hard/crtbegin.o
                [!provide]                        PROVIDE (__fini_array_end = .)
                0x000000000800e0e0                . = ALIGN (0x4)
                0x000000000800e0e0                _sidata = LOADADDR (.data)

.data           0x0000000020000000      0x1dc load address 0x000000000800e0e0
                0x0000000020000000                . = ALIGN (0x4)
                0x0000000020000000                _sdata = .
 *(.data)
 *(.data*)
 .data.uwTickPrio
                0x0000000020000000        0x4 Drivers/STM32F4xx_HAL_Driver/Src/stm32f4xx_hal.o
                0x0000000020000000                uwTickPrio
 .data.uwTickFreq
                0x0000000020000004        0x1 Drivers/STM32F4xx_HAL_Driver/Src/stm32f4xx_hal.o
                0x0000000020000004                uwTickFreq
 *fill*         0x0000000020000005        0x3 
 .data.SystemCoreClock
                0x0000000020000008        0x4 Src/system_stm32f4xx.o
                0x0000000020000008                SystemCoreClock
 .data._impure_ptr
                0x000000002000000c        0x4 c:/st/stm32cubeide_1.0.0/stm32cubeide/plugins/com.st.stm32cube.ide.mcu.externaltools.gnu-tools-for-stm32.7-2018-q2-update.win32_1.0.0.201904181610/tools/bin/../lib/gcc/arm-none-eabi/7.3.1/../../../../arm-none-eabi/lib/thumb/v7e-m/fpv4-sp/hard\libc_nano.a(lib_a-impure.o)
                0x000000002000000c                _impure_ptr
 .data.impure_data
                0x0000000020000010       0x60 c:/st/stm32cubeide_1.0.0/stm32cubeide/plugins/com.st.stm32cube.ide.mcu.externaltools.gnu-tools-for-stm32.7-2018-q2-update.win32_1.0.0.201904181610/tools/bin/../lib/gcc/arm-none-eabi/7.3.1/../../../../arm-none-eabi/lib/thumb/v7e-m/fpv4-sp/hard\libc_nano.a(lib_a-impure.o)
 .data.__global_locale
                0x0000000020000070      0x16c c:/st/stm32cubeide_1.0.0/stm32cubeide/plugins/com.st.stm32cube.ide.mcu.externaltools.gnu-tools-for-stm32.7-2018-q2-update.win32_1.0.0.201904181610/tools/bin/../lib/gcc/arm-none-eabi/7.3.1/../../../../arm-none-eabi/lib/thumb/v7e-m/fpv4-sp/hard\libc_nano.a(lib_a-locale.o)
                0x0000000020000070                __global_locale
                0x00000000200001dc                . = ALIGN (0x4)