auxiliary.c:4:6:WaitMs	16	static
auxiliary.c:9:6:ModeSelect	32	static
auxiliary.c:57:6:StartWaiting	8	static
auxiliary.c:82:6:FirstAction	8	static
auxiliary.c:96:6:SetParams	16	static
auxiliary.c:127:6:SetGain	16	static
auxiliary.c:139:6:AutoCalibration	16	static
auxiliary.c:150:6:LedDisplay	16	static
auxiliary.c:160:6:ResetDistance	8	static
auxiliary.c:172:6:CheckBattery	8	static
auxiliary.c:191:6:CalculateNormalParams	40	static
auxiliary.c:203:6:CalculateBigParams	40	static
auxiliary.c:218:6:AssignOffsetParams	16	static
auxiliary.c:230:6:FailSafe	8	static
auxiliary.c:240:6:FailCheck	16	static
