drive.c:22:6:HalfSectionAccel	16	static
drive.c:31:6:HalfSectionDecel	8	static
drive.c:38:6:GoOneSectionStop	8	static
drive.c:47:6:GoOneSectionContinuous	8	static
drive.c:52:6:SpinR90	8	static
drive.c:63:6:SlalomR90	8	static
drive.c:80:6:SpinL90	8	static
drive.c:90:6:SlalomL90	8	static
drive.c:106:6:Spin180	8	static
drive.c:116:6:FixPosition	24	static
drive.c:146:6:DriveAccel	24	static
drive.c:181:6:DriveDecel	32	static
drive.c:222:6:DriveSpin	32	static
drive.c:285:6:DriveSlalom	32	static
drive.c:341:6:StartMotion	40	static
drive.c:366:6:StopMotion	8	static
drive.c:390:6:SetMotionDirection	16	static
drive.c:426:6:DisableMotor	8	static
drive.c:449:6:DriveTest	24	static
