drive.c:22:6:HalfSectionAccel	16	static
drive.c:29:6:HalfSectionDecel	8	static
drive.c:35:6:GoOneSectionStop	8	static
drive.c:43:6:GoOneSectionContinuous	8	static
drive.c:49:6:SpinR90	8	static
drive.c:60:6:SlalomR90	16	static
drive.c:84:6:SpinL90	8	static
drive.c:93:6:SlalomL90	16	static
drive.c:115:6:BigSlalomR90	8	static
drive.c:127:6:BigSlalomL90	8	static
drive.c:139:6:BigSlalomR180	8	static
drive.c:151:6:BigSlalomL180	8	static
drive.c:163:6:Spin180	8	static
drive.c:172:6:FixPosition	16	static
drive.c:198:6:DriveAccel	32	static
drive.c:232:6:DriveDecel	32	static
drive.c:276:6:DriveSpin	32	static
drive.c:330:6:DriveSlalom	40	static
drive.c:389:6:DriveSlalomFree	48	static
drive.c:440:6:DriveTrapezoid	40	static
drive.c:501:6:StartMotion	40	static
drive.c:526:6:StopMotion	8	static
drive.c:541:6:SetMotionDirection	16	static
drive.c:576:6:DisableMotor	8	static
drive.c:591:6:DriveTest	24	static
drive.c:712:6:PIDStructureInit	16	static
