search.c:9:6:SearchOneSection	16	static
search.c:75:6:SearchContinuous	24	static
search.c:181:6:SearchSlalom	24	static
search.c:280:6:UpdatePosition	8	static
search.c:299:6:ConfRoute_NESW	8	static
search.c:312:6:ConfRoute_ESNW	8	static
search.c:325:6:InitializeMap	16	static
search.c:349:6:WriteMap	16	static
search.c:395:6:UpdateDirection	16	static
search.c:400:6:MakeStepMap	24	static
search.c:467:6:MakeRoute_NESW	16	static
search.c:545:6:MakeRoute_ESNW	16	static
search.c:626:9:CheckGoal	24	static
