search.c:9:6:SearchOneSection	16	static
search.c:75:6:SearchContinuous	24	static
search.c:177:6:SearchSlalom	24	static
search.c:273:6:UpdatePosition	8	static
search.c:292:6:ConfRoute_NESW	8	static
search.c:305:6:ConfRoute_ESNW	8	static
search.c:318:6:InitializeMap	16	static
search.c:342:6:WriteMap	16	static
search.c:388:6:UpdateDirection	16	static
search.c:393:6:MakeStepMap	24	static
search.c:460:6:MakeRoute_NESW	16	static
search.c:538:6:MakeRoute_ESNW	16	static
search.c:619:9:CheckGoal	24	static
