sensor.c:5:6:GetWallData	4	static
sensor.c:25:6:EncoderGyroTest	56	static
sensor.c:46:6:StartTimer	8	static
sensor.c:62:6:StopTimer	8	static
sensor.c:71:6:CheckSensor	16	static
sensor.c:101:6:Tim6WaitUs	24	static
sensor.c:107:9:GetEncoderLeft	16	static
sensor.c:120:9:GetEncoderRight	16	static
sensor.c:136:6:UpdateGyro	16	static
sensor.c:148:6:UpdateEncoder	16	static
sensor.c:165:5:GetADC	32	static
sensor.c:180:6:GetControlBaseValue	8	static
sensor.c:189:6:WallStructureInit	16	static
sensor.c:200:6:CenterStructureInit	16	static
sensor.c:216:6:EncoderStructureInit	16	static
